Component: Arm Compiler for Embedded 6.19 Tool: armlink [5e73cb00]

==============================================================================

Section Cross References

    main.o(.ARM.exidx.text.delay) refers to main.o(.text.delay) for [Anonymous Symbol]
    main.o(.text.main) refers to uart_hw.o(.text.uart_hw_init) for uart_hw_init
    main.o(.text.main) refers to main.o(.rodata.str1.1) for .L.str
    main.o(.text.main) refers to uart_hw.o(.text.uart_send_string) for uart_send_string
    main.o(.text.main) refers to crypto.o(.text.crypto_init) for crypto_init
    main.o(.text.main) refers to crypto.o(.text.crypto_get_pubkey) for crypto_get_pubkey
    main.o(.text.main) refers to uart_hw.o(.text.uart_send_hex) for uart_send_hex
    main.o(.text.main) refers to blockchain.o(.text.blockchain_init) for blockchain_init
    main.o(.text.main) refers to blockchain.o(.text.blockchain_count) for blockchain_count
    main.o(.text.main) refers to sprintf.o(.text) for sprintf
    main.o(.text.main) refers to uart_hw.o(.text.uart_recv_ready) for uart_recv_ready
    main.o(.text.main) refers to uart_hw.o(.text.uart_recv_char) for uart_recv_char
    main.o(.text.main) refers to uart_hw.o(.text.uart_send_char) for uart_send_char
    main.o(.text.main) refers to uart_cmd.o(.text.uart_cmd_process_char) for uart_cmd_process_char
    main.o(.text.main) refers to sensor_sim.o(.text.sensor_read) for sensor_read
    main.o(.text.main) refers to blockchain.o(.text.blockchain_add) for blockchain_add
    main.o(.ARM.exidx.text.main) refers to main.o(.text.main) for [Anonymous Symbol]
    crypto.o(.text.crypto_init) refers to crypto.o(.text.collect_entropy) for collect_entropy
    crypto.o(.text.crypto_init) refers to crypto.o(.bss.g_keypair) for g_keypair
    crypto.o(.text.crypto_init) refers to ecc.o(.text.ecc_keygen) for ecc_keygen
    crypto.o(.text.crypto_init) refers to crypto.o(.bss.g_initialized) for g_initialized
    crypto.o(.ARM.exidx.text.crypto_init) refers to crypto.o(.text.crypto_init) for [Anonymous Symbol]
    crypto.o(.text.collect_entropy) refers to sha256.o(.text.sha256) for sha256
    crypto.o(.ARM.exidx.text.collect_entropy) refers to crypto.o(.text.collect_entropy) for [Anonymous Symbol]
    crypto.o(.text.crypto_hash) refers to sha256.o(.text.sha256) for sha256
    crypto.o(.ARM.exidx.text.crypto_hash) refers to crypto.o(.text.crypto_hash) for [Anonymous Symbol]
    crypto.o(.text.crypto_sign) refers to crypto.o(.bss.g_initialized) for g_initialized
    crypto.o(.text.crypto_sign) refers to crypto.o(.bss.g_keypair) for g_keypair
    crypto.o(.text.crypto_sign) refers to crypto.o(.text.rfc6979_nonce) for rfc6979_nonce
    crypto.o(.text.crypto_sign) refers to ecc.o(.text.ecdsa_sign) for ecdsa_sign
    crypto.o(.text.crypto_sign) refers to ecc.o(.text.ecdsa_sig_to_bytes) for ecdsa_sig_to_bytes
    crypto.o(.ARM.exidx.text.crypto_sign) refers to crypto.o(.text.crypto_sign) for [Anonymous Symbol]
    crypto.o(.text.rfc6979_nonce) refers to bignum.o(.text.bn_to_bytes) for bn_to_bytes
    crypto.o(.text.rfc6979_nonce) refers to sha256.o(.text.sha256_init) for sha256_init
    crypto.o(.text.rfc6979_nonce) refers to sha256.o(.text.sha256_update) for sha256_update
    crypto.o(.text.rfc6979_nonce) refers to sha256.o(.text.sha256_final) for sha256_final
    crypto.o(.ARM.exidx.text.rfc6979_nonce) refers to crypto.o(.text.rfc6979_nonce) for [Anonymous Symbol]
    crypto.o(.text.crypto_verify) refers to crypto.o(.bss.g_initialized) for g_initialized
    crypto.o(.text.crypto_verify) refers to ecc.o(.text.ecdsa_sig_from_bytes) for ecdsa_sig_from_bytes
    crypto.o(.text.crypto_verify) refers to crypto.o(.bss.g_keypair) for g_keypair
    crypto.o(.text.crypto_verify) refers to ecc.o(.text.ecdsa_verify) for ecdsa_verify
    crypto.o(.ARM.exidx.text.crypto_verify) refers to crypto.o(.text.crypto_verify) for [Anonymous Symbol]
    crypto.o(.text.crypto_get_pubkey) refers to crypto.o(.bss.g_keypair) for g_keypair
    crypto.o(.text.crypto_get_pubkey) refers to ecc.o(.text.ecc_export_pubkey) for ecc_export_pubkey
    crypto.o(.ARM.exidx.text.crypto_get_pubkey) refers to crypto.o(.text.crypto_get_pubkey) for [Anonymous Symbol]
    uart_cmd.o(.text.uart_cmd_process_char) refers to uart_cmd.o(.bss.rx_pos) for rx_pos
    uart_cmd.o(.text.uart_cmd_process_char) refers to uart_cmd.o(.text.prompt) for prompt
    uart_cmd.o(.text.uart_cmd_process_char) refers to uart_cmd.o(.bss.rx_buf) for rx_buf
    uart_cmd.o(.text.uart_cmd_process_char) refers to uart_cmd.o(.rodata.str1.1) for .L.str
    uart_cmd.o(.text.uart_cmd_process_char) refers to strcmpv7em.o(.text) for strcmp
    uart_cmd.o(.text.uart_cmd_process_char) refers to uart_cmd.o(.text.cmd_help) for cmd_help
    uart_cmd.o(.text.uart_cmd_process_char) refers to uart_cmd.o(.text.cmd_log) for cmd_log
    uart_cmd.o(.text.uart_cmd_process_char) refers to uart_cmd.o(.text.cmd_verify) for cmd_verify
[...]
    [Anonymous Symbol]                       0x0800300c   Section        0  main.o(.text.main)
    out                                      0x0800311d   Thumb Code    16  uart_cmd.o(.text.out)
    [Anonymous Symbol]                       0x0800311c   Section        0  uart_cmd.o(.text.out)
    out_hex                                  0x0800312d   Thumb Code    20  uart_cmd.o(.text.out_hex)
    [Anonymous Symbol]                       0x0800312c   Section        0  uart_cmd.o(.text.out_hex)
    point_add                                0x08003141   Thumb Code   482  ecc.o(.text.point_add)
    [Anonymous Symbol]                       0x08003140   Section        0  ecc.o(.text.point_add)
    point_copy                               0x08003325   Thumb Code    40  ecc.o(.text.point_copy)
    [Anonymous Symbol]                       0x08003324   Section        0  ecc.o(.text.point_copy)
    prompt                                   0x0800334d   Thumb Code    16  uart_cmd.o(.text.prompt)
    [Anonymous Symbol]                       0x0800334c   Section        0  uart_cmd.o(.text.prompt)
    rfc6979_nonce                            0x0800335d   Thumb Code    62  crypto.o(.text.rfc6979_nonce)
    [Anonymous Symbol]                       0x0800335c   Section        0  crypto.o(.text.rfc6979_nonce)
    scalar_mul                               0x0800339d   Thumb Code   122  ecc.o(.text.scalar_mul)
    [Anonymous Symbol]                       0x0800339c   Section        0  ecc.o(.text.scalar_mul)
    [Anonymous Symbol]                       0x08003418   Section        0  sensor_sim.o(.text.sensor_read)
    [Anonymous Symbol]                       0x080034e0   Section        0  sha256.o(.text.sha256)
    sha256_compress                          0x08003509   Thumb Code   422  sha256.o(.text.sha256_compress)
    [Anonymous Symbol]                       0x08003508   Section        0  sha256.o(.text.sha256_compress)
    [Anonymous Symbol]                       0x080036b0   Section        0  sha256.o(.text.sha256_final)
    [Anonymous Symbol]                       0x0800373c   Section        0  sha256.o(.text.sha256_init)
    [Anonymous Symbol]                       0x080037b0   Section        0  sha256.o(.text.sha256_update)
    [Anonymous Symbol]                       0x08003848   Section        0  uart_cmd.o(.text.uart_cmd_process_char)
    [Anonymous Symbol]                       0x08003a14   Section        0  uart_hw.o(.text.uart_hw_init)
    [Anonymous Symbol]                       0x08003aa0   Section        0  uart_hw.o(.text.uart_recv_char)
    [Anonymous Symbol]                       0x08003ac4   Section        0  uart_hw.o(.text.uart_recv_ready)
    [Anonymous Symbol]                       0x08003ad4   Section        0  uart_hw.o(.text.uart_send_char)
    [Anonymous Symbol]                       0x08003b04   Section        0  uart_hw.o(.text.uart_send_hex)
    [Anonymous Symbol]                       0x08003b70   Section        0  uart_hw.o(.text.uart_send_string)
    CL$$btod_d2e                             0x08003b92   Section       62  btod.o(CL$$btod_d2e)
    CL$$btod_d2e_denorm_low                  0x08003bd0   Section       70  btod.o(CL$$btod_d2e_denorm_low)
    CL$$btod_d2e_norm_op1                    0x08003c16   Section       96  btod.o(CL$$btod_d2e_norm_op1)
    CL$$btod_div_common                      0x08003c78   Section      824  btod.o(CL$$btod_div_common)
    CL$$btod_e2e                             0x08003fb0   Section      220  btod.o(CL$$btod_e2e)
    CL$$btod_ediv                            0x0800408c   Section       42  btod.o(CL$$btod_ediv)
    CL$$btod_emul                            0x080040b6   Section       42  btod.o(CL$$btod_emul)
    CL$$btod_mult_common                     0x080040e0   Section      580  btod.o(CL$$btod_mult_common)
    i.__ARM_fpclassify                       0x08004324   Section        0  fpclassify.o(i.__ARM_fpclassify)
    i._is_digit                              0x08004354   Section        0  __printf_wp.o(i._is_digit)
    locale$$code                             0x08004364   Section       44  lc_numeric_c.o(locale$$code)
    locale$$code                             0x08004390   Section       44  lc_ctype_c.o(locale$$code)
    $v0                                      0x080043bc   Number         0  fpinit.o(x$fpl$fpinit)
    x$fpl$fpinit                             0x080043bc   Section       26  fpinit.o(x$fpl$fpinit)
    $v0                                      0x080043d6   Number         0  printf1.o(x$fpl$printf1)
    x$fpl$printf1                            0x080043d6   Section        4  printf1.o(x$fpl$printf1)
    $v0                                      0x080043da   Number         0  printf2.o(x$fpl$printf2)
    x$fpl$printf2                            0x080043da   Section        4  printf2.o(x$fpl$printf2)
    x$fpl$usenofp                            0x080043de   Section        0  usenofp.o(x$fpl$usenofp)
    initial_mbstate                          0x080043e0   Data           8  _printf_wctomb.o(.constdata)
    .constdata                               0x080043e0   Section        8  _printf_wctomb.o(.constdata)
    uc_hextab                                0x080043e8   Data          20  _printf_hex_int_ll_ptr.o(.constdata)
    .constdata                               0x080043e8   Section       40  _printf_hex_int_ll_ptr.o(.constdata)
    lc_hextab                                0x080043fc   Data          20  _printf_hex_int_ll_ptr.o(.constdata)
    maptable                                 0x08004410   Data          17  __printf_flags_ss_wp.o(.constdata)
    .constdata                               0x08004410   Section       17  __printf_flags_ss_wp.o(.constdata)
    lc_hextab                                0x08004421   Data          19  _printf_fp_hex.o(.constdata)
    .constdata                               0x08004421   Section       38  _printf_fp_hex.o(.constdata)
    uc_hextab                                0x08004434   Data          19  _printf_fp_hex.o(.constdata)
    tenpwrs_x                                0x08004448   Data          60  bigflt0.o(.constdata)
    .constdata                               0x08004448   Section      148  bigflt0.o(.constdata)
    tenpwrs_i                                0x08004484   Data          64  bigflt0.o(.constdata)
    .L__const.flash_erase_chain.erase        0x080044dc   Data          20  blockchain.o(.rodata..L__const.flash_erase_chain.erase)
    G_X                                      0x080044f0   Data          32  ecc.o(.rodata.G_X)
    [Anonymous Symbol]                       0x080044f0   Section        0  ecc.o(.rodata.G_X)
    G_Y                                      0x08004510   Data          32  ecc.o(.rodata.G_Y)
    [Anonymous Symbol]                       0x08004510   Section        0  ecc.o(.rodata.G_Y)
    K                                        0x08004530   Data         256  sha256.o(.rodata.K)
    [Anonymous Symbol]                       0x08004530   Section        0  sha256.o(.rodata.K)
    .L.str.3                                 0x08004670   Data          25  main.o(.rodata.str1.1)
    [Anonymous Symbol]                       0x08004670   Section        0  main.o(.rodata.str1.1)
    .L.str                                   0x08004689   Data          41  main.o(.rodata.str1.1)
    .L.str.2                                 0x0800468b   Data          39  main.o(.rodata.str1.1)
    .L.str.18                                0x08004691   Data          33  main.o(.rodata.str1.1)
    .L.str.4                                 0x080046b2   Data          16  main.o(.rodata.str1.1)
    .L.str.5                                 0x080046c2   Data          12  main.o(.rodata.str1.1)
    .L.str.7                                 0x080046ce   Data          13  main.o(.rodata.str1.1)
    .L.str.1                                 0x080046db   Data          31  main.o(.rodata.str1.1)
    .L.str.30                                0x080046fa   Data          12  main.o(.rodata.str1.1)
    .L.str.6                                 0x080046fa   Data          12  main.o(.rodata.str1.1)
    .L.str.8                                 0x08004706   Data          25  main.o(.rodata.str1.1)
    .L.str.9                                 0x0800471f   Data          24  main.o(.rodata.str1.1)
    .L.str.9                                 0x08004734   Data           3  main.o(.rodata.str1.1)
    .L.str.25                                0x08004737   Data          58  uart_cmd.o(.rodata.str1.1)
    [Anonymous Symbol]                       0x08004737   Section        0  uart_cmd.o(.rodata.str1.1)
    .L.str.8                                 0x08004771   Data          31  uart_cmd.o(.rodata.str1.1)
    .L.str.14                                0x08004790   Data          42  uart_cmd.o(.rodata.str1.1)
    .L.str.21                                0x080047ba   Data          21  uart_cmd.o(.rodata.str1.1)
    .L.str.35                                0x080047cf   Data          16  uart_cmd.o(.rodata.str1.1)
    .L.str.34                                0x080047df   Data          61  uart_cmd.o(.rodata.str1.1)
    .L.str.24                                0x0800481c   Data          32  uart_cmd.o(.rodata.str1.1)
    .L.str.10                                0x0800483c   Data          35  uart_cmd.o(.rodata.str1.1)
    .L.str.36                                0x0800485f   Data          24  uart_cmd.o(.rodata.str1.1)
    .L.str.32                                0x08004877   Data          15  uart_cmd.o(.rodata.str1.1)
    .L.str.33                                0x08004886   Data          17  uart_cmd.o(.rodata.str1.1)
    .L.str.41                                0x08004897   Data          23  uart_cmd.o(.rodata.str1.1)
    .L.str.19                                0x080048ae   Data          59  uart_cmd.o(.rodata.str1.1)
    .L.str.22                                0x080048e9   Data          37  uart_cmd.o(.rodata.str1.1)
    .L.str.31                                0x0800490e   Data          18  uart_cmd.o(.rodata.str1.1)
    .L.str.23                                0x08004920   Data          32  uart_cmd.o(.rodata.str1.1)
    .L.str.37                                0x08004940   Data          24  uart_cmd.o(.rodata.str1.1)
    .L.str.11                                0x08004958   Data          42  uart_cmd.o(.rodata.str1.1)
    .L.str.20                                0x08004982   Data          21  uart_cmd.o(.rodata.str1.1)
    .L.str.17                                0x08004997   Data          30  uart_cmd.o(.rodata.str1.1)
    .L.str.12                                0x080049b5   Data          36  uart_cmd.o(.rodata.str1.1)
    .L.str.13                                0x080049d9   Data          35  uart_cmd.o(.rodata.str1.1)
    .L.str.15                                0x080049fc   Data          41  uart_cmd.o(.rodata.str1.1)
    .L.str.16                                0x08004a25   Data          41  uart_cmd.o(.rodata.str1.1)
    .L.str                                   0x08004a4b   Data           3  uart_cmd.o(.rodata.str1.1)
    .L.str.29                                0x08004a4b   Data           3  uart_cmd.o(.rodata.str1.1)
    .L.str.28                                0x08004a4e   Data          13  uart_cmd.o(.rodata.str1.1)
    .L.str.39                                0x08004a5b   Data          12  uart_cmd.o(.rodata.str1.1)
    .L.str.26                                0x08004a67   Data          13  uart_cmd.o(.rodata.str1.1)
    .L.str.38                                0x08004a74   Data          12  uart_cmd.o(.rodata.str1.1)
    .L.str.40                                0x08004a80   Data          12  uart_cmd.o(.rodata.str1.1)
    .L.str.27                                0x08004a8c   Data          13  uart_cmd.o(.rodata.str1.1)
    .L.str.7                                 0x08004a99   Data           6  uart_cmd.o(.rodata.str1.1)
    .L.str.6                                 0x08004a9f   Data           6  uart_cmd.o(.rodata.str1.1)
    .L.str.1                                 0x08004aa5   Data           4  uart_cmd.o(.rodata.str1.1)
    .L.str                                   0x08004aa9   Data           5  uart_cmd.o(.rodata.str1.1)
    .L.str.3                                 0x08004aae   Data           5  uart_cmd.o(.rodata.str1.1)
    .L.str.5                                 0x08004ab3   Data           7  uart_cmd.o(.rodata.str1.1)
    .L.str.4                                 0x08004aba   Data           7  uart_cmd.o(.rodata.str1.1)
    .L.str.2                                 0x08004ac1   Data           7  uart_cmd.o(.rodata.str1.1)
    .L__const.uart_send_hex.hex_chars        0x08004ac8   Data          17  uart_hw.o(.rodata.str1.1)
    [Anonymous Symbol]                       0x08004ac8   Section        0  uart_hw.o(.rodata.str1.1)
    locale$$data                             0x08004aec   Section       28  lc_numeric_c.o(locale$$data)
    __lcnum_c_name                           0x08004af0   Data           2  lc_numeric_c.o(locale$$data)
    __lcnum_c_start                          0x08004af8   Data           0  lc_numeric_c.o(locale$$data)
    __lcnum_c_point                          0x08004b04   Data           0  lc_numeric_c.o(locale$$data)
    __lcnum_c_thousands                      0x08004b06   Data           0  lc_numeric_c.o(locale$$data)
    __lcnum_c_grouping                       0x08004b07   Data           0  lc_numeric_c.o(locale$$data)
    __lcnum_c_end                            0x08004b08   Data           0  lc_numeric_c.o(locale$$data)
    locale$$data                             0x08004b08   Section      272  lc_ctype_c.o(locale$$data)
    __lcctype_c_name                         0x08004b0c   Data           2  lc_ctype_c.o(locale$$data)
    __lcctype_c_start                        0x08004b14   Data           0  lc_ctype_c.o(locale$$data)
    __lcctype_c_end                          0x08004c18   Data           0  lc_ctype_c.o(locale$$data)
    .bss                                     0x20000000   Section       96  libspace.o(.bss)
    block_count                              0x20000060   Data           4  blockchain.o(.bss.block_count)
    [Anonymous Symbol]                       0x20000060   Section        0  blockchain.o(.bss.block_count)
    erase_armed                              0x20000064   Data           4  uart_cmd.o(.bss.erase_armed)
    [Anonymous Symbol]                       0x20000064   Section        0  uart_cmd.o(.bss.erase_armed)
    g_initialized                            0x20000068   Data           4  crypto.o(.bss.g_initialized)
    [Anonymous Symbol]                       0x20000068   Section        0  crypto.o(.bss.g_initialized)
    g_keypair                                0x2000006c   Data         100  crypto.o(.bss.g_keypair)
    [Anonymous Symbol]                       0x2000006c   Section        0  crypto.o(.bss.g_keypair)
    rx_buf                                   0x200000f0   Data         256  uart_cmd.o(.bss.rx_buf)
    [Anonymous Symbol]                       0x200000f0   Section        0  uart_cmd.o(.bss.rx_buf)
    rx_pos                                   0x200001f0   Data           4  uart_cmd.o(.bss.rx_pos)
    [Anonymous Symbol]                       0x200001f0   Section        0  uart_cmd.o(.bss.rx_pos)
    tick                                     0x200001f4   Data           4  sensor_sim.o(.bss.tick)
    [Anonymous Symbol]                       0x200001f4   Section        0  sensor_sim.o(.bss.tick)
    Heap_Mem                                 0x20000200   Data         512  startup_stm32f429xx.o(HEAP)
    HEAP                                     0x20000200   Section      512  startup_stm32f429xx.o(HEAP)
    Stack_Mem                                0x20000400   Data        1024  startup_stm32f429xx.o(STACK)
    STACK                                    0x20000400   Section     1024  startup_stm32f429xx.o(STACK)
    __initial_sp                             0x20000800   Data           0  startup_stm32f429xx.o(STACK)

    Global Symbols

    Symbol Name                              Value     Ov Type        Size  Object(Section)

    BuildAttributes$$THM_ISAv4$E$P$D$K$B$S$7EM$VFPi3$EXTD16$VFPS$VFMA$PE$A:L22UL41UL21$X:L11$S22US41US21$IEEE1$IW$~IW$USESV6$~STKCKD$USESV7$~SHL$OTIME$ROPI$IEEEJ$EBA8$UX$STANDARDLIB$REQ8$PRES8$EABIv2 0x00000000   Number         0  anon$$obj.o ABSOLUTE
    _printf_flags                            0x00000000   Number         0  printf_stubs.o ABSOLUTE
    _printf_return_value                     0x00000000   Number         0  printf_stubs.o ABSOLUTE
    _printf_sizespec                         0x00000000   Number         0  printf_stubs.o ABSOLUTE
    _printf_widthprec                        0x00000000   Number         0  printf_stubs.o ABSOLUTE
    __ARM_exceptions_init                     - Undefined Weak Reference
    __alloca_initialize                       - Undefined Weak Reference
    __arm_preinit_                            - Undefined Weak Reference
    __arm_relocate_pie_                       - Undefined Weak Reference
    __cpp_initialize__aeabi_                  - Undefined Weak Reference
    __cxa_finalize                            - Undefined Weak Reference
    __sigvec_lookup                           - Undefined Weak Reference
    _atexit_init                              - Undefined Weak Reference
    _call_atexit_fns                          - Undefined Weak Reference
    _clock_init                               - Undefined Weak Reference
    _fp_trap_init                             - Undefined Weak Reference
    _fp_trap_shutdown                         - Undefined Weak Reference
    _get_lc_collate                           - Undefined Weak Reference
    _get_lc_monetary                          - Undefined Weak Reference
    _get_lc_time                              - Undefined Weak Reference
    _getenv_init                              - Undefined Weak Reference
    _handle_redirection                       - Undefined Weak Reference
    _init_alloc                               - Undefined Weak Reference
    _init_user_alloc                          - Undefined Weak Reference
    _initio                                   - Undefined Weak Reference
    _printf_mbtowc                            - Undefined Weak Reference
    _printf_wc                                - Undefined Weak Reference
    _rand_init                                - Undefined Weak Reference
    _signal_finish                            - Undefined Weak Reference
    _signal_init                              - Undefined Weak Reference
    _terminate_alloc                          - Undefined Weak Reference
    _terminate_user_alloc                     - Undefined Weak Reference
    _terminateio                              - Undefined Weak Reference
    __Vectors_Size                           0x000001ac   Number         0  startup_stm32f429xx.o ABSOLUTE
    __Vectors                                0x08000000   Data           4  startup_stm32f429xx.o(RESET)
    __Vectors_End                            0x080001ac   Data           0  startup_stm32f429xx.o(RESET)
    __main                                   0x080001ad   Thumb Code     8  __main.o(!!!main)
    __scatterload                            0x080001b5   Thumb Code     0  __scatter.o(!!!scatter)
    __scatterload_rt2                        0x080001b5   Thumb Code    44  __scatter.o(!!!scatter)
    __scatterload_rt2_thumb_only             0x080001b5   Thumb Code     0  __scatter.o(!!!scatter)
    __scatterload_null                       0x080001c3   Thumb Code     0  __scatter.o(!!!scatter)
    __scatterload_zeroinit                   0x080001e9   Thumb Code    28  __scatter_zi.o(!!handler_zi)
    _printf_n                                0x08000205   Thumb Code     0  _printf_n.o(.ARM.Collect$$_printf_percent$$00000001)
    _printf_percent                          0x08000205   Thumb Code     0  _printf_percent.o(.ARM.Collect$$_printf_percent$$00000000)
    _printf_p                                0x0800020b   Thumb Code     0  _printf_p.o(.ARM.Collect$$_printf_percent$$00000002)
    _printf_f                                0x08000211   Thumb Code     0  _printf_f.o(.ARM.Collect$$_printf_percent$$00000003)
    _printf_e                                0x08000217   Thumb Code     0  _printf_e.o(.ARM.Collect$$_printf_percent$$00000004)
    _printf_g                                0x0800021d   Thumb Code     0  _printf_g.o(.ARM.Collect$$_printf_percent$$00000005)
    _printf_a                                0x08000223   Thumb Code     0  _printf_a.o(.ARM.Collect$$_printf_percent$$00000006)
    _printf_ll                               0x08000229   Thumb Code     0  _printf_ll.o(.ARM.Collect$$_printf_percent$$00000007)
    _printf_i                                0x08000233   Thumb Code     0  _printf_i.o(.ARM.Collect$$_printf_percent$$00000008)
    _printf_d                                0x08000239   Thumb Code     0  _printf_d.o(.ARM.Collect$$_printf_percent$$00000009)
    _printf_u                                0x0800023f   Thumb Code     0  _printf_u.o(.ARM.Collect$$_printf_percent$$0000000A)
    _printf_o                                0x08000245   Thumb Code     0  _printf_o.o(.ARM.Collect$$_printf_percent$$0000000B)
    _printf_x                                0x0800024b   Thumb Code     0  _printf_x.o(.ARM.Collect$$_printf_percent$$0000000C)
    _printf_lli                              0x08000251   Thumb Code     0  _printf_lli.o(.ARM.Collect$$_printf_percent$$0000000D)
    _printf_lld                              0x08000257   Thumb Code     0  _printf_lld.o(.ARM.Collect$$_printf_percent$$0000000E)
    _printf_llu                              0x0800025d   Thumb Code     0  _printf_llu.o(.ARM.Collect$$_printf_percent$$0000000F)
    _printf_llo                              0x08000263   Thumb Code     0  _printf_llo.o(.ARM.Collect$$_printf_percent$$00000010)
    _printf_llx                              0x08000269   Thumb Code     0  _printf_llx.o(.ARM.Collect$$_printf_percent$$00000011)
    _printf_l                                0x0800026f   Thumb Code     0  _printf_l.o(.ARM.Collect$$_printf_percent$$00000012)
    _printf_c                                0x08000279   Thumb Code     0  _printf_c.o(.ARM.Collect$$_printf_percent$$00000013)
    _printf_s                                0x0800027f   Thumb Code     0  _printf_s.o(.ARM.Collect$$_printf_percent$$00000014)
    _printf_lc                               0x08000285   Thumb Code     0  _printf_lc.o(.ARM.Collect$$_printf_percent$$00000015)
    _printf_ls                               0x0800028b   Thumb Code     0  _printf_ls.o(.ARM.Collect$$_printf_percent$$00000016)
    _printf_percent_end                      0x08000291   Thumb Code     0  _printf_percent_end.o(.ARM.Collect$$_printf_percent$$00000017)
    __rt_lib_init                            0x08000295   Thumb Code     0  libinit.o(.ARM.Collect$$libinit$$00000000)
    __rt_lib_init_fp_1                       0x08000297   Thumb Code     0  libinit2.o(.ARM.Collect$$libinit$$00000001)
    __rt_lib_init_heap_1                     0x0800029b   Thumb Code     0  libinit2.o(.ARM.Collect$$libinit$$0000000C)
    __rt_lib_init_lc_common                  0x0800029b   Thumb Code     0  libinit2.o(.ARM.Collect$$libinit$$00000011)
    __rt_lib_init_preinit_1                  0x0800029b   Thumb Code     0  libinit2.o(.ARM.Collect$$libinit$$00000006)
    __rt_lib_init_rand_1                     0x0800029b   Thumb Code     0  libinit2.o(.ARM.Collect$$libinit$$00000010)
    __rt_lib_init_relocate_pie_1             0x0800029b   Thumb Code     0  libinit2.o(.ARM.Collect$$libinit$$00000004)
    __rt_lib_init_user_alloc_1               0x0800029b   Thumb Code     0  libinit2.o(.ARM.Collect$$libinit$$0000000E)
    __rt_lib_init_lc_collate_1               0x080002a1   Thumb Code     0  libinit2.o(.ARM.Collect$$libinit$$00000013)
    __rt_lib_init_lc_ctype_2                 0x080002a1   Thumb Code     0  libinit2.o(.ARM.Collect$$libinit$$00000014)
    __rt_lib_init_lc_ctype_1                 0x080002ad   Thumb Code     0  libinit2.o(.ARM.Collect$$libinit$$00000015)
    __rt_lib_init_lc_monetary_1              0x080002ad   Thumb Code     0  libinit2.o(.ARM.Collect$$libinit$$00000017)
    __rt_lib_init_lc_numeric_2               0x080002ad   Thumb Code     0  libinit2.o(.ARM.Collect$$libinit$$00000018)
    __rt_lib_init_alloca_1                   0x080002b7   Thumb Code     0  libinit2.o(.ARM.Collect$$libinit$$00000030)
    __rt_lib_init_argv_1                     0x080002b7   Thumb Code     0  libinit2.o(.ARM.Collect$$libinit$$0000002E)
    __rt_lib_init_atexit_1                   0x080002b7   Thumb Code     0  libinit2.o(.ARM.Collect$$libinit$$0000001D)
    __rt_lib_init_clock_1                    0x080002b7   Thumb Code     0  libinit2.o(.ARM.Collect$$libinit$$00000023)
    __rt_lib_init_cpp_1                      0x080002b7   Thumb Code     0  libinit2.o(.ARM.Collect$$libinit$$00000034)
    __rt_lib_init_exceptions_1               0x080002b7   Thumb Code     0  libinit2.o(.ARM.Collect$$libinit$$00000032)
    __rt_lib_init_fp_trap_1                  0x080002b7   Thumb Code     0  libinit2.o(.ARM.Collect$$libinit$$00000021)
    __rt_lib_init_getenv_1                   0x080002b7   Thumb Code     0  libinit2.o(.ARM.Collect$$libinit$$00000025)
    __rt_lib_init_lc_numeric_1               0x080002b7   Thumb Code     0  libinit2.o(.ARM.Collect$$libinit$$00000019)
    __rt_lib_init_lc_time_1                  0x080002b7   Thumb Code     0  libinit2.o(.ARM.Collect$$libinit$$0000001B)
    __rt_lib_init_return                     0x080002b7   Thumb Code     0  libinit2.o(.ARM.Collect$$libinit$$00000035)
    __rt_lib_init_signal_1                   0x080002b7   Thumb Code     0  libinit2.o(.ARM.Collect$$libinit$$0000001F)
    __rt_lib_init_stdio_1                    0x080002b7   Thumb Code     0  libinit2.o(.ARM.Collect$$libinit$$00000027)
    __rt_lib_shutdown                        0x080002b9   Thumb Code     0  libshutdown.o(.ARM.Collect$$libshutdown$$00000000)
    __rt_lib_shutdown_cpp_1                  0x080002bb   Thumb Code     0  libshutdown2.o(.ARM.Collect$$libshutdown$$00000002)
    __rt_lib_shutdown_fp_trap_1              0x080002bb   Thumb Code     0  libshutdown2.o(.ARM.Collect$$libshutdown$$00000007)
    __rt_lib_shutdown_heap_1                 0x080002bb   Thumb Code     0  libshutdown2.o(.ARM.Collect$$libshutdown$$0000000F)
    __rt_lib_shutdown_return                 0x080002bb   Thumb Code     0  libshutdown2.o(.ARM.Collect$$libshutdown$$00000010)
    __rt_lib_shutdown_signal_1               0x080002bb   Thumb Code     0  libshutdown2.o(.ARM.Collect$$libshutdown$$0000000A)
    __rt_lib_shutdown_stdio_1                0x080002bb   Thumb Code     0  libshutdown2.o(.ARM.Collect$$libshutdown$$00000004)
    __rt_lib_shutdown_user_alloc_1           0x080002bb   Thumb Code     0  libshutdown2.o(.ARM.Collect$$libshutdown$$0000000C)
    __rt_entry                               0x080002bd   Thumb Code     0  __rtentry.o(.ARM.Collect$$rtentry$$00000000)
    __rt_entry_presh_1                       0x080002bd   Thumb Code     0  __rtentry2.o(.ARM.Collect$$rtentry$$00000002)
    __rt_entry_sh                            0x080002bd   Thumb Code     0  __rtentry4.o(.ARM.Collect$$rtentry$$00000004)
    __rt_entry_li                            0x080002c3   Thumb Code     0  __rtentry2.o(.ARM.Collect$$rtentry$$0000000A)
    __rt_entry_postsh_1                      0x080002c3   Thumb Code     0  __rtentry2.o(.ARM.Collect$$rtentry$$00000009)
    __rt_entry_main                          0x080002c7   Thumb Code     0  __rtentry2.o(.ARM.Collect$$rtentry$$0000000D)
    __rt_entry_postli_1                      0x080002c7   Thumb Code     0  __rtentry2.o(.ARM.Collect$$rtentry$$0000000C)
    __rt_exit                                0x080002cf   Thumb Code     0  rtexit.o(.ARM.Collect$$rtexit$$00000000)
    __rt_exit_ls                             0x080002d1   Thumb Code     0  rtexit2.o(.ARM.Collect$$rtexit$$00000003)
    __rt_exit_prels_1                        0x080002d1   Thumb Code     0  rtexit2.o(.ARM.Collect$$rtexit$$00000002)
    __rt_exit_exit                           0x080002d5   Thumb Code     0  rtexit2.o(.ARM.Collect$$rtexit$$00000004)
    Reset_Handler                            0x080002dd   Thumb Code     8  startup_stm32f429xx.o(.text)
    NMI_Handler                              0x080002e5   Thumb Code     2  startup_stm32f429xx.o(.text)
    HardFault_Handler                        0x080002e7   Thumb Code     2  startup_stm32f429xx.o(.text)
    MemManage_Handler                        0x080002e9   Thumb Code     2  startup_stm32f429xx.o(.text)
    BusFault_Handler                         0x080002eb   Thumb Code     2  startup_stm32f429xx.o(.text)
    UsageFault_Handler                       0x080002ed   Thumb Code     2  startup_stm32f429xx.o(.text)
    SVC_Handler                              0x080002ef   Thumb Code     2  startup_stm32f429xx.o(.text)
    DebugMon_Handler                         0x080002f1   Thumb Code     2  startup_stm32f429xx.o(.text)
    PendSV_Handler                           0x080002f3   Thumb Code     2  startup_stm32f429xx.o(.text)
    SysTick_Handler                          0x080002f5   Thumb Code     2  startup_stm32f429xx.o(.text)
    ADC_IRQHandler                           0x080002f7   Thumb Code     0  startup_stm32f429xx.o(.text)
    CAN1_RX0_IRQHandler                      0x080002f7   Thumb Code     0  startup_stm32f429xx.o(.text)
    CAN1_RX1_IRQHandler                      0x080002f7   Thumb Code     0  startup_stm32f429xx.o(.text)
    CAN1_SCE_IRQHandler                      0x080002f7   Thumb Code     0  startup_stm32f429xx.o(.text)
    CAN1_TX_IRQHandler                       0x080002f7   Thumb Code     0  startup_stm32f429xx.o(.text)
    CAN2_RX0_IRQHandler                      0x080002f7   Thumb Code     0  startup_stm32f429xx.o(.text)
    CAN2_RX1_IRQHandler                      0x080002f7   Thumb Code     0  startup_stm32f429xx.o(.text)
    CAN2_SCE_IRQHandler                      0x080002f7   Thumb Code     0  startup_stm32f429xx.o(.text)
    CAN2_TX_IRQHandler                       0x080002f7   Thumb Code     0  startup_stm32f429xx.o(.text)
    DCMI_IRQHandler                          0x080002f7   Thumb Code     0  startup_stm32f429xx.o(.text)
    DMA1_Stream0_IRQHandler                  0x080002f7   Thumb Code     0  startup_stm32f429xx.o(.text)
    DMA1_Stream1_IRQHandler                  0x080002f7   Thumb Code     0  startup_stm32f429xx.o(.text)
    DMA1_Stream2_IRQHandler                  0x080002f7   Thumb Code     0  startup_stm32f429xx.o(.text)
    DMA1_Stream3_IRQHandler                  0x080002f7   Thumb Code     0  startup_stm32f429xx.o(.text)
    DMA1_Stream4_IRQHandler                  0x080002f7   Thumb Code     0  startup_stm32f429xx.o(.text)
    DMA1_Stream5_IRQHandler                  0x080002f7   Thumb Code     0  startup_stm32f429xx.o(.text)
    DMA1_Stream6_IRQHandler                  0x080002f7   Thumb Code     0  startup_stm32f429xx.o(.text)
    DMA1_Stream7_IRQHandler                  0x080002f7   Thumb Code     0  startup_stm32f429xx.o(.text)
    DMA2D_IRQHandler                         0x080002f7   Thumb Code     0  startup_stm32f429xx.o(.text)
    DMA2_Stream0_IRQHandler                  0x080002f7   Thumb Code     0  startup_stm32f429xx.o(.text)
    DMA2_Stream1_IRQHandler                  0x080002f7   Thumb Code     0  startup_stm32f429xx.o(.text)
    DMA2_Stream2_IRQHandler                  0x080002f7   Thumb Code     0  startup_stm32f429xx.o(.text)
    DMA2_Stream3_IRQHandler                  0x080002f7   Thumb Code     0  startup_stm32f429xx.o(.text)
    DMA2_Stream4_IRQHandler                  0x080002f7   Thumb Code     0  startup_stm32f429xx.o(.text)
    DMA2_Stream5_IRQHandler                  0x080002f7   Thumb Code     0  startup_stm32f429xx.o(.text)
    DMA2_Stream6_IRQHandler                  0x080002f7   Thumb Code     0  startup_stm32f429xx.o(.text)
    DMA2_Stream7_IRQHandler                  0x080002f7   Thumb Code     0  startup_stm32f429xx.o(.text)
    ETH_IRQHandler                           0x080002f7   Thumb Code     0  startup_stm32f429xx.o(.text)
    ETH_WKUP_IRQHandler                      0x080002f7   Thumb Code     0  startup_stm32f429xx.o(.text)
    EXTI0_IRQHandler                         0x080002f7   Thumb Code     0  startup_stm32f429xx.o(.text)
    EXTI15_10_IRQHandler                     0x080002f7   Thumb Code     0  startup_stm32f429xx.o(.text)
    EXTI1_IRQHandler                         0x080002f7   Thumb Code     0  startup_stm32f429xx.o(.text)
    EXTI2_IRQHandler                         0x080002f7   Thumb Code     0  startup_stm32f429xx.o(.text)
    EXTI3_IRQHandler                         0x080002f7   Thumb Code     0  startup_stm32f429xx.o(.text)
    EXTI4_IRQHandler                         0x080002f7   Thumb Code     0  startup_stm32f429xx.o(.text)
    EXTI9_5_IRQHandler                       0x080002f7   Thumb Code     0  startup_stm32f429xx.o(.text)
    FLASH_IRQHandler                         0x080002f7   Thumb Code     0  startup_stm32f429xx.o(.text)
    FMC_IRQHandler                           0x080002f7   Thumb Code     0  startup_stm32f429xx.o(.text)
    FPU_IRQHandler                           0x080002f7   Thumb Code     0  startup_stm32f429xx.o(.text)
    HASH_RNG_IRQHandler                      0x080002f7   Thumb Code     0  startup_stm32f429xx.o(.text)
    I2C1_ER_IRQHandler                       0x080002f7   Thumb Code     0  startup_stm32f429xx.o(.text)
    I2C1_EV_IRQHandler                       0x080002f7   Thumb Code     0  startup_stm32f429xx.o(.text)
    I2C2_ER_IRQHandler                       0x080002f7   Thumb Code     0  startup_stm32f429xx.o(.text)
    I2C2_EV_IRQHandler                       0x080002f7   Thumb Code     0  startup_stm32f429xx.o(.text)
    I2C3_ER_IRQHandler                       0x080002f7   Thumb Code     0  startup_stm32f429xx.o(.text)
    I2C3_EV_IRQHandler                       0x080002f7   Thumb Code     0  startup_stm32f429xx.o(.text)
    LTDC_ER_IRQHandler                       0x080002f7   Thumb Code     0  startup_stm32f429xx.o(.text)
    LTDC_IRQHandler                          0x080002f7   Thumb Code     0  startup_stm32f429xx.o(.text)
    OTG_FS_IRQHandler                        0x080002f7   Thumb Code     0  startup_stm32f429xx.o(.text)
    OTG_FS_WKUP_IRQHandler                   0x080002f7   Thumb Code     0  startup_stm32f429xx.o(.text)
    OTG_HS_EP1_IN_IRQHandler                 0x080002f7   Thumb Code     0  startup_stm32f429xx.o(.text)
    OTG_HS_EP1_OUT_IRQHandler                0x080002f7   Thumb Code     0  startup_stm32f429xx.o(.text)
    OTG_HS_IRQHandler                        0x080002f7   Thumb Code     0  startup_stm32f429xx.o(.text)
    OTG_HS_WKUP_IRQHandler                   0x080002f7   Thumb Code     0  startup_stm32f429xx.o(.text)
    PVD_IRQHandler                           0x080002f7   Thumb Code     0  startup_stm32f429xx.o(.text)
    RCC_IRQHandler                           0x080002f7   Thumb Code     0  startup_stm32f429xx.o(.text)
    RTC_Alarm_IRQHandler                     0x080002f7   Thumb Code     0  startup_stm32f429xx.o(.text)
    RTC_WKUP_IRQHandler                      0x080002f7   Thumb Code     0  startup_stm32f429xx.o(.text)
    SAI1_IRQHandler                          0x080002f7   Thumb Code     0  startup_stm32f429xx.o(.text)
    SDIO_IRQHandler                          0x080002f7   Thumb Code     0  startup_stm32f429xx.o(.text)
    SPI1_IRQHandler                          0x080002f7   Thumb Code     0  startup_stm32f429xx.o(.text)
    SPI2_IRQHandler                          0x080002f7   Thumb Code     0  startup_stm32f429xx.o(.text)
    SPI3_IRQHandler                          0x080002f7   Thumb Code     0  startup_stm32f429xx.o(.text)
    SPI4_IRQHandler                          0x080002f7   Thumb Code     0  startup_stm32f429xx.o(.text)
    SPI5_IRQHandler                          0x080002f7   Thumb Code     0  startup_stm32f429xx.o(.text)
    SPI6_IRQHandler                          0x080002f7   Thumb Code     0  startup_stm32f429xx.o(.text)
    TAMP_STAMP_IRQHandler                    0x080002f7   Thumb Code     0  startup_stm32f429xx.o(.text)
    TIM1_BRK_TIM9_IRQHandler                 0x080002f7   Thumb Code     0  startup_stm32f429xx.o(.text)
    TIM1_CC_IRQHandler                       0x080002f7   Thumb Code     0  startup_stm32f429xx.o(.text)
    TIM1_TRG_COM_TIM11_IRQHandler            0x080002f7   Thumb Code     0  startup_stm32f429xx.o(.text)
    TIM1_UP_TIM10_IRQHandler                 0x080002f7   Thumb Code     0  startup_stm32f429xx.o(.text)
    TIM2_IRQHandler                          0x080002f7   Thumb Code     0  startup_stm32f429xx.o(.text)
    TIM3_IRQHandler                          0x080002f7   Thumb Code     0  startup_stm32f429xx.o(.text)
    TIM4_IRQHandler                          0x080002f7   Thumb Code     0  startup_stm32f429xx.o(.text)
    TIM5_IRQHandler                          0x080002f7   Thumb Code     0  startup_stm32f429xx.o(.text)
    TIM6_DAC_IRQHandler                      0x080002f7   Thumb Code     0  startup_stm32f429xx.o(.text)
    TIM7_IRQHandler                          0x080002f7   Thumb Code     0  startup_stm32f429xx.o(.text)
    TIM8_BRK_TIM12_IRQHandler                0x080002f7   Thumb Code     0  startup_stm32f429xx.o(.text)
    TIM8_CC_IRQHandler                       0x080002f7   Thumb Code     0  startup_stm32f429xx.o(.text)
    TIM8_TRG_COM_TIM14_IRQHandler            0x080002f7   Thumb Code     0  startup_stm32f429xx.o(.text)
    TIM8_UP_TIM13_IRQHandler                 0x080002f7   Thumb Code     0  startup_stm32f429xx.o(.text)
    UART4_IRQHandler                         0x080002f7   Thumb Code     0  startup_stm32f429xx.o(.text)
    UART5_IRQHandler                         0x080002f7   Thumb Code     0  startup_stm32f429xx.o(.text)
    UART7_IRQHandler                         0x080002f7   Thumb Code     0  startup_stm32f429xx.o(.text)
    UART8_IRQHandler                         0x080002f7   Thumb Code     0  startup_stm32f429xx.o(.text)
    USART1_IRQHandler                        0x080002f7   Thumb Code     0  startup_stm32f429xx.o(.text)
    USART2_IRQHandler                        0x080002f7   Thumb Code     0  startup_stm32f429xx.o(.text)
    USART3_IRQHandler                        0x080002f7   Thumb Code     0  startup_stm32f429xx.o(.text)
    USART6_IRQHandler                        0x080002f7   Thumb Code     0  startup_stm32f429xx.o(.text)
    WWDG_IRQHandler                          0x080002f7   Thumb Code     0  startup_stm32f429xx.o(.text)
    __user_initial_stackheap                 0x080002f9   Thumb Code     0  startup_stm32f429xx.o(.text)
    sprintf                                  0x0800031d   Thumb Code    38  sprintf.o(.text)
    snprintf                                 0x08000349   Thumb Code    58  snprintf.o(.text)
    memcmp                                   0x08000389   Thumb Code    88  memcmp.o(.text)
    strlen                                   0x080003e1   Thumb Code    62  strlen.o(.text)
    strncmp                                  0x0800041f   Thumb Code   150  strncmp.o(.text)
    __aeabi_memcpy                           0x080004b5   Thumb Code     0  rt_memcpy_v6.o(.text)
    __rt_memcpy                              0x080004b5   Thumb Code   138  rt_memcpy_v6.o(.text)
    _memcpy_lastbytes                        0x0800051b   Thumb Code     0  rt_memcpy_v6.o(.text)
    __aeabi_memcpy4                          0x0800053f   Thumb Code     0  rt_memcpy_w.o(.text)
    __aeabi_memcpy8                          0x0800053f   Thumb Code     0  rt_memcpy_w.o(.text)
    __rt_memcpy_w                            0x0800053f   Thumb Code   100  rt_memcpy_w.o(.text)
    _memcpy_lastbytes_aligned                0x08000587   Thumb Code     0  rt_memcpy_w.o(.text)
    __aeabi_memclr                           0x080005a3   Thumb Code     0  rt_memclr.o(.text)
    __rt_memclr                              0x080005a3   Thumb Code     0  rt_memclr.o(.text)
    _memset                                  0x080005a7   Thumb Code    64  rt_memclr.o(.text)
    __aeabi_memclr4                          0x080005e7   Thumb Code     0  rt_memclr_w.o(.text)
    __aeabi_memclr8                          0x080005e7   Thumb Code     0  rt_memclr_w.o(.text)
    __rt_memclr_w                            0x080005e7   Thumb Code     0  rt_memclr_w.o(.text)
    _memset_w                                0x080005eb   Thumb Code    74  rt_memclr_w.o(.text)
    strcmp                                   0x08000639   Thumb Code   124  strcmpv7em.o(.text)
    __use_two_region_memory                  0x080006b5   Thumb Code     2  heapauxi.o(.text)
    __rt_heap_escrow$2region                 0x080006b7   Thumb Code     2  heapauxi.o(.text)
    __rt_heap_expand$2region                 0x080006b9   Thumb Code     2  heapauxi.o(.text)
    _printf_pre_padding                      0x080006bb   Thumb Code    44  _printf_pad.o(.text)
    _printf_post_padding                     0x080006e7   Thumb Code    34  _printf_pad.o(.text)
    _printf_truncate_signed                  0x08000709   Thumb Code    18  _printf_truncate.o(.text)
    _printf_truncate_unsigned                0x0800071b   Thumb Code    18  _printf_truncate.o(.text)
    _printf_str                              0x0800072d   Thumb Code    82  _printf_str.o(.text)
    _printf_int_dec                          0x08000781   Thumb Code   104  _printf_dec.o(.text)
    _printf_charcount                        0x080007f9   Thumb Code    40  _printf_charcount.o(.text)
    _printf_char_common                      0x0800082b   Thumb Code    32  _printf_char_common.o(.text)
    _sputc                                   0x08000851   Thumb Code    10  _sputc.o(.text)
    _snputc                                  0x0800085b   Thumb Code    16  _snputc.o(.text)
    _printf_wctomb                           0x0800086d   Thumb Code   182  _printf_wctomb.o(.text)
    _printf_longlong_dec                     0x08000929   Thumb Code   108  _printf_longlong_dec.o(.text)
    _printf_longlong_oct                     0x080009a5   Thumb Code    68  _printf_oct_int_ll.o(.text)
    _printf_int_oct                          0x080009e9   Thumb Code    24  _printf_oct_int_ll.o(.text)
    _printf_ll_oct                           0x08000a01   Thumb Code    12  _printf_oct_int_ll.o(.text)
    _printf_longlong_hex                     0x08000a15   Thumb Code    86  _printf_hex_int_ll_ptr.o(.text)
    _printf_int_hex                          0x08000a6b   Thumb Code    28  _printf_hex_int_ll_ptr.o(.text)
    _printf_ll_hex                           0x08000a87   Thumb Code    12  _printf_hex_int_ll_ptr.o(.text)
    _printf_hex_ptr                          0x08000a93   Thumb Code    18  _printf_hex_int_ll_ptr.o(.text)
    __printf                                 0x08000aa9   Thumb Code   388  __printf_flags_ss_wp.o(.text)
    _ll_udiv10                               0x08000c31   Thumb Code   138  lludiv10.o(.text)
    _printf_int_common                       0x08000cbb   Thumb Code   178  _printf_intcommon.o(.text)
    _printf_fp_dec_real                      0x08000f1d   Thumb Code   620  _printf_fp_dec.o(.text)
    _printf_fp_hex_real                      0x08001189   Thumb Code   756  _printf_fp_hex.o(.text)
    _printf_cs_common                        0x08001485   Thumb Code    20  _printf_char.o(.text)
    _printf_char                             0x08001499   Thumb Code    16  _printf_char.o(.text)
    _printf_string                           0x080014a9   Thumb Code     8  _printf_char.o(.text)
    _printf_lcs_common                       0x080014b1   Thumb Code    20  _printf_wchar.o(.text)
    _printf_wchar                            0x080014c5   Thumb Code    16  _printf_wchar.o(.text)
    _printf_wstring                          0x080014d5   Thumb Code     8  _printf_wchar.o(.text)
    _c16rtomb                                0x080014dd   Thumb Code    72  _c16rtomb.o(.text)
    _wcrtomb                                 0x080014dd   Thumb Code     0  _c16rtomb.o(.text)
    __user_setup_stackheap                   0x08001525   Thumb Code    74  sys_stackheap_outer.o(.text)
    __rt_ctype_table                         0x08001571   Thumb Code    16  rt_ctype_table.o(.text)
    __rt_locale                              0x08001581   Thumb Code     8  rt_locale_intlibspace.o(.text)
    _printf_fp_infnan                        0x08001589   Thumb Code   112  _printf_fp_infnan.o(.text)
    _btod_etento                             0x08001609   Thumb Code   224  bigflt0.o(.text)
    exit                                     0x080016ed   Thumb Code    18  exit.o(.text)
    __user_libspace                          0x08001701   Thumb Code     8  libspace.o(.text)
    __user_perproc_libspace                  0x08001701   Thumb Code     0  libspace.o(.text)
    __user_perthread_libspace                0x08001701   Thumb Code     0  libspace.o(.text)
    _sys_exit                                0x08001709   Thumb Code     8  sys_exit.o(.text)
    __I$use$semihosting                      0x08001715   Thumb Code     0  use_no_semi.o(.text)
    __use_no_semihosting_swi                 0x08001715   Thumb Code     2  use_no_semi.o(.text)
    __semihosting_library_function           0x08001717   Thumb Code     0  indicate_semi.o(.text)
    FLASH_Erase_Sector                       0x08001719   Thumb Code   148  stm32f4xx_hal_flash_ex.o(.text.FLASH_Erase_Sector)
    FLASH_FlushCaches                        0x080017ad   Thumb Code   162  stm32f4xx_hal_flash_ex.o(.text.FLASH_FlushCaches)
    FLASH_WaitForLastOperation               0x08001ac5   Thumb Code   164  stm32f4xx_hal_flash.o(.text.FLASH_WaitForLastOperation)
    HAL_FLASHEx_Erase                        0x08001b69   Thumb Code   272  stm32f4xx_hal_flash_ex.o(.text.HAL_FLASHEx_Erase)
    HAL_FLASH_Lock                           0x08001c79   Thumb Code    20  stm32f4xx_hal_flash.o(.text.HAL_FLASH_Lock)
    HAL_FLASH_Program                        0x08001c8d   Thumb Code   216  stm32f4xx_hal_flash.o(.text.HAL_FLASH_Program)
    HAL_FLASH_Unlock                         0x08001d65   Thumb Code    86  stm32f4xx_hal_flash.o(.text.HAL_FLASH_Unlock)
    HAL_GetTick                              0x08001dbd   Thumb Code    12  stm32f4xx_hal.o(.text.HAL_GetTick)
    SystemInit                               0x08001dc9   Thumb Code    18  system_stm32f4xx.o(.text.SystemInit)
    blockchain_add                           0x08001ead   Thumb Code   276  blockchain.o(.text.blockchain_add)
    blockchain_count                         0x08001fc1   Thumb Code    12  blockchain.o(.text.blockchain_count)
    blockchain_erase                         0x08001fcd   Thumb Code    20  blockchain.o(.text.blockchain_erase)
    blockchain_get                           0x08001fe1   Thumb Code    28  blockchain.o(.text.blockchain_get)
    blockchain_init                          0x08001ffd   Thumb Code   106  blockchain.o(.text.blockchain_init)
    blockchain_verify_all                    0x08002069   Thumb Code   290  blockchain.o(.text.blockchain_verify_all)
    bn_add                                   0x0800218d   Thumb Code    98  bignum.o(.text.bn_add)
    bn_cmp                                   0x080021f1   Thumb Code    96  bignum.o(.text.bn_cmp)
    bn_copy                                  0x08002251   Thumb Code    56  bignum.o(.text.bn_copy)
    bn_from_bytes                            0x08002289   Thumb Code    60  bignum.o(.text.bn_from_bytes)
    bn_is_zero                               0x080022c5   Thumb Code    58  bignum.o(.text.bn_is_zero)
    bn_lshift1                               0x08002301   Thumb Code    76  bignum.o(.text.bn_lshift1)
    bn_mod                                   0x0800234d   Thumb Code    48  bignum.o(.text.bn_mod)
    bn_mod_add                               0x0800237d   Thumb Code    60  bignum.o(.text.bn_mod_add)
    bn_mod_inv                               0x080023b9   Thumb Code   224  bignum.o(.text.bn_mod_inv)
    bn_mod_mul                               0x08002499   Thumb Code   162  bignum.o(.text.bn_mod_mul)
    bn_mod_sub                               0x0800253d   Thumb Code    46  bignum.o(.text.bn_mod_sub)
    bn_one                                   0x0800256d   Thumb Code    34  bignum.o(.text.bn_one)
    bn_rshift1                               0x08002591   Thumb Code    64  bignum.o(.text.bn_rshift1)
    bn_set_u32                               0x080025d1   Thumb Code    24  bignum.o(.text.bn_set_u32)
    bn_sub                                   0x080025e9   Thumb Code   100  bignum.o(.text.bn_sub)
    bn_to_bytes                              0x0800264d   Thumb Code   118  bignum.o(.text.bn_to_bytes)
    bn_zero                                  0x080026c5   Thumb Code    28  bignum.o(.text.bn_zero)
    crypto_get_pubkey                        0x08002b35   Thumb Code    26  crypto.o(.text.crypto_get_pubkey)
    crypto_hash                              0x08002b51   Thumb Code    24  crypto.o(.text.crypto_hash)
    crypto_init                              0x08002b69   Thumb Code    54  crypto.o(.text.crypto_init)
    crypto_sign                              0x08002ba1   Thumb Code    96  crypto.o(.text.crypto_sign)
    crypto_verify                            0x08002c01   Thumb Code    68  crypto.o(.text.crypto_verify)
    ecc_export_pubkey                        0x08002c45   Thumb Code    40  ecc.o(.text.ecc_export_pubkey)
    ecc_keygen                               0x08002c6d   Thumb Code   130  ecc.o(.text.ecc_keygen)
    ecdsa_sig_from_bytes                     0x08002cf1   Thumb Code    34  ecc.o(.text.ecdsa_sig_from_bytes)
    ecdsa_sig_to_bytes                       0x08002d15   Thumb Code    32  ecc.o(.text.ecdsa_sig_to_bytes)
    ecdsa_sign                               0x08002d35   Thumb Code   282  ecc.o(.text.ecdsa_sign)
    ecdsa_verify                             0x08002e51   Thumb Code   290  ecc.o(.text.ecdsa_verify)
    main                                     0x0800300d   Thumb Code   272  main.o(.text.main)
    sensor_read                              0x08003419   Thumb Code   198  sensor_sim.o(.text.sensor_read)
    sha256                                   0x080034e1   Thumb Code    40  sha256.o(.text.sha256)
    sha256_final                             0x080036b1   Thumb Code   140  sha256.o(.text.sha256_final)
    sha256_init                              0x0800373d   Thumb Code   116  sha256.o(.text.sha256_init)
    sha256_update                            0x080037b1   Thumb Code   150  sha256.o(.text.sha256_update)
    uart_cmd_process_char                    0x08003849   Thumb Code   460  uart_cmd.o(.text.uart_cmd_process_char)
    uart_hw_init                             0x08003a15   Thumb Code   138  uart_hw.o(.text.uart_hw_init)
    uart_recv_char                           0x08003aa1   Thumb Code    36  uart_hw.o(.text.uart_recv_char)
    uart_recv_ready                          0x08003ac5   Thumb Code    16  uart_hw.o(.text.uart_recv_ready)
    uart_send_char                           0x08003ad5   Thumb Code    46  uart_hw.o(.text.uart_send_char)
    uart_send_hex                            0x08003b05   Thumb Code   106  uart_hw.o(.text.uart_send_hex)
    uart_send_string                         0x08003b71   Thumb Code    34  uart_hw.o(.text.uart_send_string)
    _btod_d2e                                0x08003b93   Thumb Code    62  btod.o(CL$$btod_d2e)
    _d2e_denorm_low                          0x08003bd1   Thumb Code    70  btod.o(CL$$btod_d2e_denorm_low)
    _d2e_norm_op1                            0x08003c17   Thumb Code    96  btod.o(CL$$btod_d2e_norm_op1)
    __btod_div_common                        0x08003c79   Thumb Code   696  btod.o(CL$$btod_div_common)
    _e2e                                     0x08003fb1   Thumb Code   220  btod.o(CL$$btod_e2e)
    _btod_ediv                               0x0800408d   Thumb Code    42  btod.o(CL$$btod_ediv)
    _btod_emul                               0x080040b7   Thumb Code    42  btod.o(CL$$btod_emul)
    __btod_mult_common                       0x080040e1   Thumb Code   580  btod.o(CL$$btod_mult_common)
    __ARM_fpclassify                         0x08004325   Thumb Code    48  fpclassify.o(i.__ARM_fpclassify)
    _is_digit                                0x08004355   Thumb Code    14  __printf_wp.o(i._is_digit)
    _get_lc_numeric                          0x08004365   Thumb Code    44  lc_numeric_c.o(locale$$code)
    _get_lc_ctype                            0x08004391   Thumb Code    44  lc_ctype_c.o(locale$$code)
    _fp_init                                 0x080043bd   Thumb Code    26  fpinit.o(x$fpl$fpinit)
    __fplib_config_fpu_vfp                   0x080043d5   Thumb Code     0  fpinit.o(x$fpl$fpinit)
    __fplib_config_pureend_doubles           0x080043d5   Thumb Code     0  fpinit.o(x$fpl$fpinit)
    _printf_fp_dec                           0x080043d7   Thumb Code     4  printf1.o(x$fpl$printf1)
    _printf_fp_hex                           0x080043db   Thumb Code     4  printf2.o(x$fpl$printf2)
    __I$use$fp                               0x080043de   Number         0  usenofp.o(x$fpl$usenofp)
    P256_N                                   0x08004630   Data          32  bignum.o(.rodata.P256_N)
    P256_P                                   0x08004650   Data          32  bignum.o(.rodata.P256_P)
    Region$$Table$$Base                      0x08004adc   Number         0  anon$$obj.o(Region$$Table)
    Region$$Table$$Limit                     0x08004aec   Number         0  anon$$obj.o(Region$$Table)
    __ctype                                  0x08004b15   Data           0  lc_ctype_c.o(locale$$data)
    __libspace_start                         0x20000000   Data          96  libspace.o(.bss)
    __temporary_stack_top$libspace           0x20000060   Data           0  libspace.o(.bss)
    pFlash                                   0x200000d0   Data          32  stm32f4xx_hal_flash.o(.bss.pFlash)
    uwTick                                   0x200001f8   Data           4  stm32f4xx_hal.o(.bss.uwTick)



==============================================================================

Memory Map of the image

  Image Entry point : 0x080002dd

  Load Region LR_1 (Base: 0x08000000, Size: 0x00004c18, Max: 0xffffffff, ABSOLUTE)

    Execution Region ER_RO (Exec base: 0x08000000, Load base: 0x08000000, Size: 0x00004c18, Max: 0xffffffff, ABSOLUTE)

    Exec Addr    Load Addr    Size         Type   Attr      Idx    E Section Name        Object

    0x08000000   0x08000000   0x000001ac   Data   RO          792    RESET               startup_stm32f429xx.o
    0x080001ac   0x080001ac   0x00000008   Code   RO         1581  * !!!main             c_w.l(__main.o)
    0x080001b4   0x080001b4   0x00000034   Code   RO         1928    !!!scatter          c_w.l(__scatter.o)
    0x080001e8   0x080001e8   0x0000001c   Code   RO         1930    !!handler_zi        c_w.l(__scatter_zi.o)
    0x08000204   0x08000204   0x00000000   Code   RO         1671    .ARM.Collect$$_printf_percent$$00000000  c_w.l(_printf_percent.o)
    0x08000204   0x08000204   0x00000006   Code   RO         1660    .ARM.Collect$$_printf_percent$$00000001  c_w.l(_printf_n.o)
    0x0800020a   0x0800020a   0x00000006   Code   RO         1662    .ARM.Collect$$_printf_percent$$00000002  c_w.l(_printf_p.o)
    0x08000210   0x08000210   0x00000006   Code   RO         1667    .ARM.Collect$$_printf_percent$$00000003  c_w.l(_printf_f.o)
    0x08000216   0x08000216   0x00000006   Code   RO         1668    .ARM.Collect$$_printf_percent$$00000004  c_w.l(_printf_e.o)
    0x0800021c   0x0800021c   0x00000006   Code   RO         1669    .ARM.Collect$$_printf_percent$$00000005  c_w.l(_printf_g.o)
    0x08000222   0x08000222   0x00000006   Code   RO         1670    .ARM.Collect$$_printf_percent$$00000006  c_w.l(_printf_a.o)
    0x08000228   0x08000228   0x0000000a   Code   RO         1675    .ARM.Collect$$_printf_percent$$00000007  c_w.l(_printf_ll.o)
    0x08000232   0x08000232   0x00000006   Code   RO         1664    .ARM.Collect$$_printf_percent$$00000008  c_w.l(_printf_i.o)
    0x08000238   0x08000238   0x00000006   Code   RO         1665    .ARM.Collect$$_printf_percent$$00000009  c_w.l(_printf_d.o)
    0x0800023e   0x0800023e   0x00000006   Code   RO         1666    .ARM.Collect$$_printf_percent$$0000000A  c_w.l(_printf_u.o)
    0x08000244   0x08000244   0x00000006   Code   RO         1663    .ARM.Collect$$_printf_percent$$0000000B  c_w.l(_printf_o.o)
    0x0800024a   0x0800024a   0x00000006   Code   RO         1661    .ARM.Collect$$_printf_percent$$0000000C  c_w.l(_printf_x.o)
    0x08000250   0x08000250   0x00000006   Code   RO         1672    .ARM.Collect$$_printf_percent$$0000000D  c_w.l(_printf_lli.o)
    0x08000256   0x08000256   0x00000006   Code   RO         1673    .ARM.Collect$$_printf_percent$$0000000E  c_w.l(_printf_lld.o)
    0x0800025c   0x0800025c   0x00000006   Code   RO         1674    .ARM.Collect$$_printf_percent$$0000000F  c_w.l(_printf_llu.o)
    0x08000262   0x08000262   0x00000006   Code   RO         1679    .ARM.Collect$$_printf_percent$$00000010  c_w.l(_printf_llo.o)
    0x08000268   0x08000268   0x00000006   Code   RO         1680    .ARM.Collect$$_printf_percent$$00000011  c_w.l(_printf_llx.o)
    0x0800026e   0x0800026e   0x0000000a   Code   RO         1676    .ARM.Collect$$_printf_percent$$00000012  c_w.l(_printf_l.o)
    0x08000278   0x08000278   0x00000006   Code   RO         1658    .ARM.Collect$$_printf_percent$$00000013  c_w.l(_printf_c.o)
    0x0800027e   0x0800027e   0x00000006   Code   RO         1659    .ARM.Collect$$_printf_percent$$00000014  c_w.l(_printf_s.o)
    0x08000284   0x08000284   0x00000006   Code   RO         1677    .ARM.Collect$$_printf_percent$$00000015  c_w.l(_printf_lc.o)
    0x0800028a   0x0800028a   0x00000006   Code   RO         1678    .ARM.Collect$$_printf_percent$$00000016  c_w.l(_printf_ls.o)
    0x08000290   0x08000290   0x00000004   Code   RO         1723    .ARM.Collect$$_printf_percent$$00000017  c_w.l(_printf_percent_end.o)
    0x08000294   0x08000294   0x00000002   Code   RO         1778    .ARM.Collect$$libinit$$00000000  c_w.l(libinit.o)
    0x08000296   0x08000296   0x00000004   Code   RO         1800    .ARM.Collect$$libinit$$00000001  c_w.l(libinit2.o)
    0x0800029a   0x0800029a   0x00000000   Code   RO         1803    .ARM.Collect$$libinit$$00000004  c_w.l(libinit2.o)
    0x0800029a   0x0800029a   0x00000000   Code   RO         1805    .ARM.Collect$$libinit$$00000006  c_w.l(libinit2.o)
    0x0800029a   0x0800029a   0x00000000   Code   RO         1808    .ARM.Collect$$libinit$$0000000C  c_w.l(libinit2.o)
    0x0800029a   0x0800029a   0x00000000   Code   RO         1810    .ARM.Collect$$libinit$$0000000E  c_w.l(libinit2.o)
    0x0800029a   0x0800029a   0x00000000   Code   RO         1812    .ARM.Collect$$libinit$$00000010  c_w.l(libinit2.o)
    0x0800029a   0x0800029a   0x00000006   Code   RO         1813    .ARM.Collect$$libinit$$00000011  c_w.l(libinit2.o)
    0x080002a0   0x080002a0   0x00000000   Code   RO         1815    .ARM.Collect$$libinit$$00000013  c_w.l(libinit2.o)
    0x080002a0   0x080002a0   0x0000000c   Code   RO         1816    .ARM.Collect$$libinit$$00000014  c_w.l(libinit2.o)
    0x080002ac   0x080002ac   0x00000000   Code   RO         1817    .ARM.Collect$$libinit$$00000015  c_w.l(libinit2.o)
    0x080002ac   0x080002ac   0x00000000   Code   RO         1819    .ARM.Collect$$libinit$$00000017  c_w.l(libinit2.o)
    0x080002ac   0x080002ac   0x0000000a   Code   RO         1820    .ARM.Collect$$libinit$$00000018  c_w.l(libinit2.o)
    0x080002b6   0x080002b6   0x00000000   Code   RO         1821    .ARM.Collect$$libinit$$00000019  c_w.l(libinit2.o)
    0x080002b6   0x080002b6   0x00000000   Code   RO         1823    .ARM.Collect$$libinit$$0000001B  c_w.l(libinit2.o)
    0x080002b6   0x080002b6   0x00000000   Code   RO         1825    .ARM.Collect$$libinit$$0000001D  c_w.l(libinit2.o)
    0x080002b6   0x080002b6   0x00000000   Code   RO         1827    .ARM.Collect$$libinit$$0000001F  c_w.l(libinit2.o)
    0x080002b6   0x080002b6   0x00000000   Code   RO         1829    .ARM.Collect$$libinit$$00000021  c_w.l(libinit2.o)
    0x080002b6   0x080002b6   0x00000000   Code   RO         1831    .ARM.Collect$$libinit$$00000023  c_w.l(libinit2.o)
    0x080002b6   0x080002b6   0x00000000   Code   RO         1833    .ARM.Collect$$libinit$$00000025  c_w.l(libinit2.o)
    0x080002b6   0x080002b6   0x00000000   Code   RO         1835    .ARM.Collect$$libinit$$00000027  c_w.l(libinit2.o)
    0x080002b6   0x080002b6   0x00000000   Code   RO         1839    .ARM.Collect$$libinit$$0000002E  c_w.l(libinit2.o)
    0x080002b6   0x080002b6   0x00000000   Code   RO         1841    .ARM.Collect$$libinit$$00000030  c_w.l(libinit2.o)
    0x080002b6   0x080002b6   0x00000000   Code   RO         1843    .ARM.Collect$$libinit$$00000032  c_w.l(libinit2.o)
    0x080002b6   0x080002b6   0x00000000   Code   RO         1845    .ARM.Collect$$libinit$$00000034  c_w.l(libinit2.o)
    0x080002b6   0x080002b6   0x00000002   Code   RO         1846    .ARM.Collect$$libinit$$00000035  c_w.l(libinit2.o)
    0x080002b8   0x080002b8   0x00000002   Code   RO         1883    .ARM.Collect$$libshutdown$$00000000  c_w.l(libshutdown.o)
    0x080002ba   0x080002ba   0x00000000   Code   RO         1911    .ARM.Collect$$libshutdown$$00000002  c_w.l(libshutdown2.o)
    0x080002ba   0x080002ba   0x00000000   Code   RO         1913    .ARM.Collect$$libshutdown$$00000004  c_w.l(libshutdown2.o)
    0x080002ba   0x080002ba   0x00000000   Code   RO         1916    .ARM.Collect$$libshutdown$$00000007  c_w.l(libshutdown2.o)
    0x080002ba   0x080002ba   0x00000000   Code   RO         1919    .ARM.Collect$$libshutdown$$0000000A  c_w.l(libshutdown2.o)
    0x080002ba   0x080002ba   0x00000000   Code   RO         1921    .ARM.Collect$$libshutdown$$0000000C  c_w.l(libshutdown2.o)
    0x080002ba   0x080002ba   0x00000000   Code   RO         1924    .ARM.Collect$$libshutdown$$0000000F  c_w.l(libshutdown2.o)
    0x080002ba   0x080002ba   0x00000002   Code   RO         1925    .ARM.Collect$$libshutdown$$00000010  c_w.l(libshutdown2.o)
    0x080002bc   0x080002bc   0x00000000   Code   RO         1583    .ARM.Collect$$rtentry$$00000000  c_w.l(__rtentry.o)
    0x080002bc   0x080002bc   0x00000000   Code   RO         1690    .ARM.Collect$$rtentry$$00000002  c_w.l(__rtentry2.o)
    0x080002bc   0x080002bc   0x00000006   Code   RO         1702    .ARM.Collect$$rtentry$$00000004  c_w.l(__rtentry4.o)
    0x080002c2   0x080002c2   0x00000000   Code   RO         1692    .ARM.Collect$$rtentry$$00000009  c_w.l(__rtentry2.o)
    0x080002c2   0x080002c2   0x00000004   Code   RO         1693    .ARM.Collect$$rtentry$$0000000A  c_w.l(__rtentry2.o)
    0x080002c6   0x080002c6   0x00000000   Code   RO         1695    .ARM.Collect$$rtentry$$0000000C  c_w.l(__rtentry2.o)
    0x080002c6   0x080002c6   0x00000008   Code   RO         1696    .ARM.Collect$$rtentry$$0000000D  c_w.l(__rtentry2.o)
    0x080002ce   0x080002ce   0x00000002   Code   RO         1787    .ARM.Collect$$rtexit$$00000000  c_w.l(rtexit.o)
    0x080002d0   0x080002d0   0x00000000   Code   RO         1852    .ARM.Collect$$rtexit$$00000002  c_w.l(rtexit2.o)
    0x080002d0   0x080002d0   0x00000004   Code   RO         1853    .ARM.Collect$$rtexit$$00000003  c_w.l(rtexit2.o)
    0x080002d4   0x080002d4   0x00000006   Code   RO         1854    .ARM.Collect$$rtexit$$00000004  c_w.l(rtexit2.o)
    0x080002da   0x080002da   0x00000002   PAD
    0x080002dc   0x080002dc   0x00000040   Code   RO          793  * .text               startup_stm32f429xx.o
    0x0800031c   0x0800031c   0x0000002c   Code   RO         1559    .text               c_w.l(sprintf.o)
    0x08000348   0x08000348   0x00000040   Code   RO         1561    .text               c_w.l(snprintf.o)
    0x08000388   0x08000388   0x00000058   Code   RO         1563    .text               c_w.l(memcmp.o)
    0x080003e0   0x080003e0   0x0000003e   Code   RO         1565    .text               c_w.l(strlen.o)
    0x0800041e   0x0800041e   0x00000096   Code   RO         1567    .text               c_w.l(strncmp.o)
    0x080004b4   0x080004b4   0x0000008a   Code   RO         1569    .text               c_w.l(rt_memcpy_v6.o)
    0x0800053e   0x0800053e   0x00000064   Code   RO         1571    .text               c_w.l(rt_memcpy_w.o)
    0x080005a2   0x080005a2   0x00000044   Code   RO         1573    .text               c_w.l(rt_memclr.o)
    0x080005e6   0x080005e6   0x0000004e   Code   RO         1575    .text               c_w.l(rt_memclr_w.o)
    0x08000634   0x08000634   0x00000004   PAD
    0x08000638   0x08000638   0x0000007c   Code   RO         1577    .text               c_w.l(strcmpv7em.o)
    0x080006b4   0x080006b4   0x00000006   Code   RO         1579    .text               c_w.l(heapauxi.o)
    0x080006ba   0x080006ba   0x0000004e   Code   RO         1590    .text               c_w.l(_printf_pad.o)
    0x08000708   0x08000708   0x00000024   Code   RO         1592    .text               c_w.l(_printf_truncate.o)
    0x0800072c   0x0800072c   0x00000052   Code   RO         1594    .text               c_w.l(_printf_str.o)
    0x0800077e   0x0800077e   0x00000002   PAD
    0x08000780   0x08000780   0x00000078   Code   RO         1596    .text               c_w.l(_printf_dec.o)
    0x080007f8   0x080007f8   0x00000028   Code   RO         1598    .text               c_w.l(_printf_charcount.o)
    0x08000820   0x08000820   0x00000030   Code   RO         1600    .text               c_w.l(_printf_char_common.o)
    0x08000850   0x08000850   0x0000000a   Code   RO         1602    .text               c_w.l(_sputc.o)
    0x0800085a   0x0800085a   0x00000010   Code   RO         1604    .text               c_w.l(_snputc.o)
    0x0800086a   0x0800086a   0x00000002   PAD
    0x0800086c   0x0800086c   0x000000bc   Code   RO         1606    .text               c_w.l(_printf_wctomb.o)
    0x08000928   0x08000928   0x0000007c   Code   RO         1609    .text               c_w.l(_printf_longlong_dec.o)
    0x080009a4   0x080009a4   0x00000070   Code   RO         1615    .text               c_w.l(_printf_oct_int_ll.o)
    0x08000a14   0x08000a14   0x00000094   Code   RO         1635    .text               c_w.l(_printf_hex_int_ll_ptr.o)
    0x08000aa8   0x08000aa8   0x00000188   Code   RO         1655    .text               c_w.l(__printf_flags_ss_wp.o)
    0x08000c30   0x08000c30   0x0000008a   Code   RO         1706    .text               c_w.l(lludiv10.o)
    0x08000cba   0x08000cba   0x000000b2   Code   RO         1708    .text               c_w.l(_printf_intcommon.o)
    0x08000d6c   0x08000d6c   0x0000041c   Code   RO         1710    .text               c_w.l(_printf_fp_dec.o)
    0x08001188   0x08001188   0x000002fc   Code   RO         1714    .text               c_w.l(_printf_fp_hex.o)
    0x08001484   0x08001484   0x0000002c   Code   RO         1719    .text               c_w.l(_printf_char.o)
    0x080014b0   0x080014b0   0x0000002c   Code   RO         1721    .text               c_w.l(_printf_wchar.o)
    0x080014dc   0x080014dc   0x00000048   Code   RO         1724    .text               c_w.l(_c16rtomb.o)
    0x08001524   0x08001524   0x0000004a   Code   RO         1726    .text               c_w.l(sys_stackheap_outer.o)
    0x0800156e   0x0800156e   0x00000002   PAD
    0x08001570   0x08001570   0x00000010   Code   RO         1728    .text               c_w.l(rt_ctype_table.o)
    0x08001580   0x08001580   0x00000008   Code   RO         1733    .text               c_w.l(rt_locale_intlibspace.o)
    0x08001588   0x08001588   0x00000080   Code   RO         1735    .text               c_w.l(_printf_fp_infnan.o)
    0x08001608   0x08001608   0x000000e4   Code   RO         1737    .text               c_w.l(bigflt0.o)
    0x080016ec   0x080016ec   0x00000012   Code   RO         1767    .text               c_w.l(exit.o)
    0x080016fe   0x080016fe   0x00000002   PAD
    0x08001700   0x08001700   0x00000008   Code   RO         1784    .text               c_w.l(libspace.o)
    0x08001708   0x08001708   0x0000000c   Code   RO         1847    .text               c_w.l(sys_exit.o)
    0x08001714   0x08001714   0x00000002   Code   RO         1872    .text               c_w.l(use_no_semi.o)
    0x08001716   0x08001716   0x00000000   Code   RO         1874    .text               c_w.l(indicate_semi.o)
    0x08001716   0x08001716   0x00000002   PAD
    0x08001718   0x08001718   0x00000094   Code   RO          956    .text.FLASH_Erase_Sector  stm32f4xx_hal_flash_ex.o
    0x080017ac   0x080017ac   0x000000a2   Code   RO          958    .text.FLASH_FlushCaches  stm32f4xx_hal_flash_ex.o
    0x0800184e   0x0800184e   0x00000002   PAD
    0x08001850   0x08001850   0x0000007e   Code   RO          954    .text.FLASH_MassErase  stm32f4xx_hal_flash_ex.o
    0x080018ce   0x080018ce   0x00000002   PAD
    0x080018d0   0x080018d0   0x00000030   Code   RO          914    .text.FLASH_Program_Byte  stm32f4xx_hal_flash.o
    0x08001900   0x08001900   0x0000003c   Code   RO          920    .text.FLASH_Program_DoubleWord  stm32f4xx_hal_flash.o
    0x0800193c   0x0800193c   0x00000034   Code   RO          916    .text.FLASH_Program_HalfWord  stm32f4xx_hal_flash.o
    0x08001970   0x08001970   0x00000030   Code   RO          918    .text.FLASH_Program_Word  stm32f4xx_hal_flash.o
    0x080019a0   0x080019a0   0x00000124   Code   RO          926    .text.FLASH_SetErrorCode  stm32f4xx_hal_flash.o
    0x08001ac4   0x08001ac4   0x000000a4   Code   RO          912    .text.FLASH_WaitForLastOperation  stm32f4xx_hal_flash.o
    0x08001b68   0x08001b68   0x00000110   Code   RO          952    .text.HAL_FLASHEx_Erase  stm32f4xx_hal_flash_ex.o
    0x08001c78   0x08001c78   0x00000014   Code   RO          934    .text.HAL_FLASH_Lock  stm32f4xx_hal_flash.o
    0x08001c8c   0x08001c8c   0x000000d8   Code   RO          910    .text.HAL_FLASH_Program  stm32f4xx_hal_flash.o
    0x08001d64   0x08001d64   0x00000056   Code   RO          932    .text.HAL_FLASH_Unlock  stm32f4xx_hal_flash.o
    0x08001dba   0x08001dba   0x00000002   PAD
    0x08001dbc   0x08001dbc   0x0000000c   Code   RO          240    .text.HAL_GetTick   stm32f4xx_hal.o
    0x08001dc8   0x08001dc8   0x00000012   Code   RO          800    .text.SystemInit    system_stm32f4xx.o
    0x08001dda   0x08001dda   0x00000002   PAD
    0x08001ddc   0x08001ddc   0x00000028   Code   RO          194    .text.be32_write    sha256.o
    0x08001e04   0x08001e04   0x00000020   Code   RO          192    .text.be64_write    sha256.o
    0x08001e24   0x08001e24   0x00000088   Code   RO           77    .text.block_to_hashable  blockchain.o
    0x08001eac   0x08001eac   0x00000114   Code   RO           75    .text.blockchain_add  blockchain.o
    0x08001fc0   0x08001fc0   0x0000000c   Code   RO           83    .text.blockchain_count  blockchain.o
    0x08001fcc   0x08001fcc   0x00000014   Code   RO           87    .text.blockchain_erase  blockchain.o
    0x08001fe0   0x08001fe0   0x0000001c   Code   RO           85    .text.blockchain_get  blockchain.o
    0x08001ffc   0x08001ffc   0x0000006a   Code   RO           73    .text.blockchain_init  blockchain.o
    0x08002066   0x08002066   0x00000002   PAD
    0x08002068   0x08002068   0x00000122   Code   RO           81    .text.blockchain_verify_all  blockchain.o
    0x0800218a   0x0800218a   0x00000002   PAD
    0x0800218c   0x0800218c   0x00000062   Code   RO          118    .text.bn_add        bignum.o
    0x080021ee   0x080021ee   0x00000002   PAD
    0x080021f0   0x080021f0   0x00000060   Code   RO          112    .text.bn_cmp        bignum.o
    0x08002250   0x08002250   0x00000038   Code   RO          104    .text.bn_copy       bignum.o
    0x08002288   0x08002288   0x0000003c   Code   RO          114    .text.bn_from_bytes  bignum.o
    0x080022c4   0x080022c4   0x0000003a   Code   RO          108    .text.bn_is_zero    bignum.o
    0x080022fe   0x080022fe   0x00000002   PAD
    0x08002300   0x08002300   0x0000004c   Code   RO          124    .text.bn_lshift1    bignum.o
    0x0800234c   0x0800234c   0x00000030   Code   RO          126    .text.bn_mod        bignum.o
    0x0800237c   0x0800237c   0x0000003c   Code   RO          128    .text.bn_mod_add    bignum.o
    0x080023b8   0x080023b8   0x000000e0   Code   RO          134    .text.bn_mod_inv    bignum.o
    0x08002498   0x08002498   0x000000a2   Code   RO          132    .text.bn_mod_mul    bignum.o
    0x0800253a   0x0800253a   0x00000002   PAD
    0x0800253c   0x0800253c   0x0000002e   Code   RO          130    .text.bn_mod_sub    bignum.o
    0x0800256a   0x0800256a   0x00000002   PAD
    0x0800256c   0x0800256c   0x00000022   Code   RO          102    .text.bn_one        bignum.o
    0x0800258e   0x0800258e   0x00000002   PAD
    0x08002590   0x08002590   0x00000040   Code   RO          122    .text.bn_rshift1    bignum.o
    0x080025d0   0x080025d0   0x00000018   Code   RO          106    .text.bn_set_u32    bignum.o
    0x080025e8   0x080025e8   0x00000064   Code   RO          120    .text.bn_sub        bignum.o
    0x0800264c   0x0800264c   0x00000076   Code   RO          116    .text.bn_to_bytes   bignum.o
    0x080026c2   0x080026c2   0x00000002   PAD
    0x080026c4   0x080026c4   0x0000001c   Code   RO          100    .text.bn_zero       bignum.o
    0x080026e0   0x080026e0   0x000000ea   Code   RO           48    .text.cmd_dump      uart_cmd.o
    0x080027ca   0x080027ca   0x00000002   PAD
    0x080027cc   0x080027cc   0x0000004a   Code   RO           54    .text.cmd_erase     uart_cmd.o
    0x08002816   0x08002816   0x00000002   PAD
    0x08002818   0x08002818   0x00000070   Code   RO           42    .text.cmd_help      uart_cmd.o
    0x08002888   0x08002888   0x00000088   Code   RO           44    .text.cmd_log       uart_cmd.o
    0x08002910   0x08002910   0x00000026   Code   RO           50    .text.cmd_pubkey    uart_cmd.o
    0x08002936   0x08002936   0x00000002   PAD
    0x08002938   0x08002938   0x000000aa   Code   RO           56    .text.cmd_sign      uart_cmd.o
    0x080029e2   0x080029e2   0x00000002   PAD
    0x080029e4   0x080029e4   0x0000004c   Code   RO           52    .text.cmd_status    uart_cmd.o
    0x08002a30   0x08002a30   0x0000004a   Code   RO           46    .text.cmd_verify    uart_cmd.o
    0x08002a7a   0x08002a7a   0x00000002   PAD
    0x08002a7c   0x08002a7c   0x000000b8   Code   RO           17    .text.collect_entropy  crypto.o
    0x08002b34   0x08002b34   0x0000001a   Code   RO           27    .text.crypto_get_pubkey  crypto.o
    0x08002b4e   0x08002b4e   0x00000002   PAD
    0x08002b50   0x08002b50   0x00000018   Code   RO           19    .text.crypto_hash   crypto.o
    0x08002b68   0x08002b68   0x00000036   Code   RO           15    .text.crypto_init   crypto.o
    0x08002b9e   0x08002b9e   0x00000002   PAD
    0x08002ba0   0x08002ba0   0x00000060   Code   RO           21    .text.crypto_sign   crypto.o
    0x08002c00   0x08002c00   0x00000044   Code   RO           25    .text.crypto_verify  crypto.o
    0x08002c44   0x08002c44   0x00000028   Code   RO          155    .text.ecc_export_pubkey  ecc.o
    0x08002c6c   0x08002c6c   0x00000082   Code   RO          145    .text.ecc_keygen    ecc.o
    0x08002cee   0x08002cee   0x00000002   PAD
    0x08002cf0   0x08002cf0   0x00000022   Code   RO          161    .text.ecdsa_sig_from_bytes  ecc.o
    0x08002d12   0x08002d12   0x00000002   PAD
    0x08002d14   0x08002d14   0x00000020   Code   RO          159    .text.ecdsa_sig_to_bytes  ecc.o
    0x08002d34   0x08002d34   0x0000011a   Code   RO          149    .text.ecdsa_sign    ecc.o
    0x08002e4e   0x08002e4e   0x00000002   PAD
    0x08002e50   0x08002e50   0x00000122   Code   RO          151    .text.ecdsa_verify  ecc.o
    0x08002f72   0x08002f72   0x00000002   PAD
    0x08002f74   0x08002f74   0x00000040   Code   RO           89    .text.flash_erase_chain  blockchain.o
    0x08002fb4   0x08002fb4   0x00000058   Code   RO           79    .text.flash_write_block  blockchain.o
    0x0800300c   0x0800300c   0x00000110   Code   RO            4    .text.main          main.o
    0x0800311c   0x0800311c   0x00000010   Code   RO           58    .text.out           uart_cmd.o
    0x0800312c   0x0800312c   0x00000014   Code   RO           60    .text.out_hex       uart_cmd.o
    0x08003140   0x08003140   0x000001e2   Code   RO          153    .text.point_add     ecc.o
    0x08003322   0x08003322   0x00000002   PAD
    0x08003324   0x08003324   0x00000028   Code   RO          163    .text.point_copy    ecc.o
    0x0800334c   0x0800334c   0x00000010   Code   RO           40    .text.prompt        uart_cmd.o
    0x0800335c   0x0800335c   0x0000003e   Code   RO           23    .text.rfc6979_nonce  crypto.o
    0x0800339a   0x0800339a   0x00000002   PAD
    0x0800339c   0x0800339c   0x0000007a   Code   RO          147    .text.scalar_mul    ecc.o
    0x08003416   0x08003416   0x00000002   PAD
    0x08003418   0x08003418   0x000000c6   Code   RO          174    .text.sensor_read   sensor_sim.o
    0x080034de   0x080034de   0x00000002   PAD
    0x080034e0   0x080034e0   0x00000028   Code   RO          196    .text.sha256        sha256.o
    0x08003508   0x08003508   0x000001a6   Code   RO          188    .text.sha256_compress  sha256.o
    0x080036ae   0x080036ae   0x00000002   PAD
    0x080036b0   0x080036b0   0x0000008c   Code   RO          190    .text.sha256_final  sha256.o
    0x0800373c   0x0800373c   0x00000074   Code   RO          184    .text.sha256_init   sha256.o
    0x080037b0   0x080037b0   0x00000096   Code   RO          186    .text.sha256_update  sha256.o
    0x08003846   0x08003846   0x00000002   PAD
    0x08003848   0x08003848   0x000001cc   Code   RO           38    .text.uart_cmd_process_char  uart_cmd.o
    0x08003a14   0x08003a14   0x0000008a   Code   RO          206    .text.uart_hw_init  uart_hw.o
    0x08003a9e   0x08003a9e   0x00000002   PAD
    0x08003aa0   0x08003aa0   0x00000024   Code   RO          216    .text.uart_recv_char  uart_hw.o
    0x08003ac4   0x08003ac4   0x00000010   Code   RO          218    .text.uart_recv_ready  uart_hw.o
    0x08003ad4   0x08003ad4   0x0000002e   Code   RO          208    .text.uart_send_char  uart_hw.o
    0x08003b02   0x08003b02   0x00000002   PAD
    0x08003b04   0x08003b04   0x0000006a   Code   RO          214    .text.uart_send_hex  uart_hw.o
    0x08003b6e   0x08003b6e   0x00000002   PAD
    0x08003b70   0x08003b70   0x00000022   Code   RO          210    .text.uart_send_string  uart_hw.o
    0x08003b92   0x08003b92   0x0000003e   Code   RO         1740    CL$$btod_d2e        c_w.l(btod.o)
    0x08003bd0   0x08003bd0   0x00000046   Code   RO         1742    CL$$btod_d2e_denorm_low  c_w.l(btod.o)
    0x08003c16   0x08003c16   0x00000060   Code   RO         1741    CL$$btod_d2e_norm_op1  c_w.l(btod.o)
    0x08003c76   0x08003c76   0x00000002   PAD
    0x08003c78   0x08003c78   0x00000338   Code   RO         1750    CL$$btod_div_common  c_w.l(btod.o)
    0x08003fb0   0x08003fb0   0x000000dc   Code   RO         1747    CL$$btod_e2e        c_w.l(btod.o)
    0x0800408c   0x0800408c   0x0000002a   Code   RO         1744    CL$$btod_ediv       c_w.l(btod.o)
    0x080040b6   0x080040b6   0x0000002a   Code   RO         1743    CL$$btod_emul       c_w.l(btod.o)
    0x080040e0   0x080040e0   0x00000244   Code   RO         1749    CL$$btod_mult_common  c_w.l(btod.o)
    0x08004324   0x08004324   0x00000030   Code   RO         1782    i.__ARM_fpclassify  m_wm.l(fpclassify.o)
    0x08004354   0x08004354   0x0000000e   Code   RO         1648    i._is_digit         c_w.l(__printf_wp.o)
    0x08004362   0x08004362   0x00000002   PAD
    0x08004364   0x08004364   0x0000002c   Code   RO         1765    locale$$code        c_w.l(lc_numeric_c.o)
    0x08004390   0x08004390   0x0000002c   Code   RO         1794    locale$$code        c_w.l(lc_ctype_c.o)
    0x080043bc   0x080043bc   0x0000001a   Code   RO         1866    x$fpl$fpinit        fz_wm.l(fpinit.o)
    0x080043d6   0x080043d6   0x00000004   Code   RO         1681    x$fpl$printf1       fz_wm.l(printf1.o)
    0x080043da   0x080043da   0x00000004   Code   RO         1683    x$fpl$printf2       fz_wm.l(printf2.o)
    0x080043de   0x080043de   0x00000000   Code   RO         1781    x$fpl$usenofp       fz_wm.l(usenofp.o)
    0x080043de   0x080043de   0x00000002   PAD
    0x080043e0   0x080043e0   0x00000008   Data   RO         1607    .constdata          c_w.l(_printf_wctomb.o)
    0x080043e8   0x080043e8   0x00000028   Data   RO         1636    .constdata          c_w.l(_printf_hex_int_ll_ptr.o)
    0x08004410   0x08004410   0x00000011   Data   RO         1656    .constdata          c_w.l(__printf_flags_ss_wp.o)
    0x08004421   0x08004421   0x00000026   Data   RO         1715    .constdata          c_w.l(_printf_fp_hex.o)
    0x08004447   0x08004447   0x00000001   PAD
    0x08004448   0x08004448   0x00000094   Data   RO         1738    .constdata          c_w.l(bigflt0.o)
    0x080044dc   0x080044dc   0x00000014   Data   RO           92    .rodata..L__const.flash_erase_chain.erase  blockchain.o
    0x080044f0   0x080044f0   0x00000020   Data   RO          165    .rodata.G_X         ecc.o
    0x08004510   0x08004510   0x00000020   Data   RO          166    .rodata.G_Y         ecc.o
    0x08004530   0x08004530   0x00000100   Data   RO          198    .rodata.K           sha256.o
    0x08004630   0x08004630   0x00000020   Data   RO          137    .rodata.P256_N      bignum.o
    0x08004650   0x08004650   0x00000020   Data   RO          136    .rodata.P256_P      bignum.o
    0x08004670   0x08004670   0x000000c7   Data   RO            6    .rodata.str1.1      main.o
    0x08004737   0x08004737   0x00000391   Data   RO           64    .rodata.str1.1      uart_cmd.o
    0x08004ac8   0x08004ac8   0x00000011   Data   RO          220    .rodata.str1.1      uart_hw.o
    0x08004ad9   0x08004ad9   0x00000003   PAD
    0x08004adc   0x08004adc   0x00000010   Data   RO         1927    Region$$Table       anon$$obj.o
    0x08004aec   0x08004aec   0x0000001c   Data   RO         1764    locale$$data        c_w.l(lc_numeric_c.o)
    0x08004b08   0x08004b08   0x00000110   Data   RO         1793    locale$$data        c_w.l(lc_ctype_c.o)


    Execution Region ER_RW (Exec base: 0x20000000, Load base: 0x08004c18, Size: 0x00000000, Max: 0xffffffff, ABSOLUTE)

    **** No section assigned to this execution region ****


    Execution Region ER_ZI (Exec base: 0x20000000, Load base: 0x08004c18, Size: 0x00000800, Max: 0xffffffff, ABSOLUTE)

    Exec Addr    Load Addr    Size         Type   Attr      Idx    E Section Name        Object

    0x20000000        -       0x00000060   Zero   RW         1785    .bss                c_w.l(libspace.o)
    0x20000060        -       0x00000004   Zero   RW           91    .bss.block_count    blockchain.o
    0x20000064        -       0x00000004   Zero   RW           65    .bss.erase_armed    uart_cmd.o
    0x20000068        -       0x00000004   Zero   RW           30    .bss.g_initialized  crypto.o
    0x2000006c        -       0x00000064   Zero   RW           29    .bss.g_keypair      crypto.o
    0x200000d0        -       0x00000020   Zero   RW          944    .bss.pFlash         stm32f4xx_hal_flash.o
    0x200000f0        -       0x00000100   Zero   RW           63    .bss.rx_buf         uart_cmd.o
    0x200001f0        -       0x00000004   Zero   RW           62    .bss.rx_pos         uart_cmd.o
    0x200001f4        -       0x00000004   Zero   RW          176    .bss.tick           sensor_sim.o
    0x200001f8        -       0x00000004   Zero   RW          288    .bss.uwTick         stm32f4xx_hal.o
    0x200001fc   0x08004c18   0x00000004   PAD
    0x20000200        -       0x00000200   Zero   RW          791    HEAP                startup_stm32f429xx.o
    0x20000400        -       0x00000400   Zero   RW          790    STACK               startup_stm32f429xx.o


==============================================================================

Image component sizes


      Code (inc. data)   RO Data    RW Data    ZI Data      Debug   Object Name

      1352          0         64          0          0       4722   bignum.o
      1020          0         20          0          4       3364   blockchain.o
       514          0          0          0        104       3348   crypto.o
      1452          0         64          0          0       3994   ecc.o
       272          0        199          0          0       1393   main.o
       198          0          0          0          4       1619   sensor_sim.o
       940          0        256          0          0       2917   sha256.o
        64         26        428          0       1536        892   startup_stm32f429xx.o
        12          0          0          0          4       7794   stm32f4xx_hal.o
       986          0          0          0         32       5082   stm32f4xx_hal_flash.o
       708          0          0          0          0       7165   stm32f4xx_hal_flash_ex.o
        18          0          0          0          0       2782   system_stm32f4xx.o
      1426          0        913          0        264       3937   uart_cmd.o
       376          0         17          0          0       2957   uart_hw.o

    ----------------------------------------------------------------------
      9402         26       1980          0       1952      51966   Object Totals
         0          0         16          0          0          0   (incl. Generated)
        64          0          3          0          4          0   (incl. Padding)

    ----------------------------------------------------------------------

      Code (inc. data)   RO Data    RW Data    ZI Data      Debug   Library Member Name

         8          0          0          0          0         68   __main.o
       392          4         17          0          0         92   __printf_flags_ss_wp.o
        14          0          0          0          0         68   __printf_wp.o
         0          0          0          0          0          0   __rtentry.o
        12          0          0          0          0          0   __rtentry2.o
         6          0          0          0          0          0   __rtentry4.o
        52          8          0          0          0          0   __scatter.o
        28          0          0          0          0          0   __scatter_zi.o
        72          0          0          0          0         96   _c16rtomb.o
         6          0          0          0          0          0   _printf_a.o
         6          0          0          0          0          0   _printf_c.o
        44          0          0          0          0        108   _printf_char.o
        48          6          0          0          0         96   _printf_char_common.o
        40          0          0          0          0         68   _printf_charcount.o
         6          0          0          0          0          0   _printf_d.o
       120         16          0          0          0         92   _printf_dec.o
         6          0          0          0          0          0   _printf_e.o
         6          0          0          0          0          0   _printf_f.o
      1052          0          0          0          0        148   _printf_fp_dec.o
       764          8         38          0          0        100   _printf_fp_hex.o
       128         16          0          0          0         84   _printf_fp_infnan.o
         6          0          0          0          0          0   _printf_g.o
       148          4         40          0          0        160   _printf_hex_int_ll_ptr.o
         6          0          0          0          0          0   _printf_i.o
       178          0          0          0          0         88   _printf_intcommon.o
        10          0          0          0          0          0   _printf_l.o
         6          0          0          0          0          0   _printf_lc.o
        10          0          0          0          0          0   _printf_ll.o
         6          0          0          0          0          0   _printf_lld.o
         6          0          0          0          0          0   _printf_lli.o
         6          0          0          0          0          0   _printf_llo.o
         6          0          0          0          0          0   _printf_llu.o
         6          0          0          0          0          0   _printf_llx.o
       124         16          0          0          0         92   _printf_longlong_dec.o
         6          0          0          0          0          0   _printf_ls.o
         6          0          0          0          0          0   _printf_n.o
         6          0          0          0          0          0   _printf_o.o
       112          8          0          0          0        124   _printf_oct_int_ll.o
         6          0          0          0          0          0   _printf_p.o
        78          0          0          0          0        108   _printf_pad.o
         0          0          0          0          0          0   _printf_percent.o
         4          0          0          0          0          0   _printf_percent_end.o
         6          0          0          0          0          0   _printf_s.o
        82          0          0          0          0         80   _printf_str.o
        36          0          0          0          0         84   _printf_truncate.o
         6          0          0          0          0          0   _printf_u.o
        44          0          0          0          0        108   _printf_wchar.o
       188          6          8          0          0         92   _printf_wctomb.o
         6          0          0          0          0          0   _printf_x.o
        16          0          0          0          0         68   _snputc.o
        10          0          0          0          0         68   _sputc.o
       228          4        148          0          0         96   bigflt0.o
      1936        128          0          0          0        668   btod.o
        18          0          0          0          0         80   exit.o
         6          0          0          0          0        152   heapauxi.o
         0          0          0          0          0          0   indicate_semi.o
        44         10        272          0          0         76   lc_ctype_c.o
        44         10         28          0          0         76   lc_numeric_c.o
         2          0          0          0          0          0   libinit.o
        34          0          0          0          0          0   libinit2.o
         2          0          0          0          0          0   libshutdown.o
         2          0          0          0          0          0   libshutdown2.o
         8          4          0          0         96         68   libspace.o
       138          0          0          0          0         80   lludiv10.o
        88          0          0          0          0         76   memcmp.o
        16          4          0          0          0         76   rt_ctype_table.o
         8          4          0          0          0         68   rt_locale_intlibspace.o
        68          0          0          0          0         68   rt_memclr.o
        78          0          0          0          0         80   rt_memclr_w.o
       138          0          0          0          0         68   rt_memcpy_v6.o
       100          0          0          0          0         80   rt_memcpy_w.o
         2          0          0          0          0          0   rtexit.o
        10          0          0          0          0          0   rtexit2.o
        64          6          0          0          0         84   snprintf.o
        44          6          0          0          0         84   sprintf.o
       124          0          0          0          0         88   strcmpv7em.o
        62          0          0          0          0         76   strlen.o
       150          0          0          0          0         80   strncmp.o
        12          4          0          0          0         68   sys_exit.o
        74          0          0          0          0         80   sys_stackheap_outer.o
         2          0          0          0          0         68   use_no_semi.o
        26          0          0          0          0        116   fpinit.o
         4          0          0          0          0        116   printf1.o
         4          0          0          0          0        116   printf2.o
         0          0          0          0          0          0   usenofp.o
        48          0          0          0          0        124   fpclassify.o

    ----------------------------------------------------------------------
      7546        272        552          0         96       5004   Library Totals
        22          0          1          0          0          0   (incl. Padding)

    ----------------------------------------------------------------------

      Code (inc. data)   RO Data    RW Data    ZI Data      Debug   Library Name

      7442        272        551          0         96       4532   c_w.l
        34          0          0          0          0        348   fz_wm.l
        48          0          0          0          0        124   m_wm.l

    ----------------------------------------------------------------------
      7546        272        552          0         96       5004   Library Totals

    ----------------------------------------------------------------------

==============================================================================


      Code (inc. data)   RO Data    RW Data    ZI Data      Debug   

     16948        298       2532          0       2048      53966   Grand Totals
     16948        298       2532          0       2048      53966   ELF Image Totals
     16948        298       2532          0          0          0   ROM Totals

==============================================================================

    Total RO  Size (Code + RO Data)                19480 (  19.02kB)
    Total RW  Size (RW Data + ZI Data)              2048 (   2.00kB)
    Total ROM Size (Code + RO Data + RW Data)      19480 (  19.02kB)

==============================================================================

